-----BEGIN CERTIFICATE-----
ZGVza3RvcC1jYmd2NG9zXGNvcm5lDQpTdW4gMTAvMjkvMjAyMyAyMzoxNDo1Ni4z
NSANCi0tLS0tLS0tLS0tLS0tLS0tLS0tLS0tLS0tLS0tLS0tLS0tLS0tLS0tLS0t
LS0tLS0gDQpVc2VyIFN0b3JpZXMgKFRlc3RzXEZlYXR1cmVcVXNlclN0b3JpZXMp
CiBbIF0gUkVRMiBQdWJsaWNDYXRlZ29yeVBhZ2UKIFsgXSBSRVE0IERpc2NvdW50
ZWRQcmljZU9uTW9kZWwKIFsgXSBSRVE0IERpc2NvdW50ZWRQcmljZUluSFRNTAog
WyBdIFJFUTYgT3JkZXJTdGF0dXNFeGlzdHMKIFsgXSBSRVE3IE9yZGVyU3RhdHVz
Q2hhbmdlcwogWyBdIFJFUTkgUHJvZHVjdEVkaXRIYXNEaXNjb3VudAogWyBdIFJF
UTEwIFByb2R1Y3RFZGl0Q29udGFpbnNDYXRlZ29yeQogWyBdIFJFUTExYSBDYXRl
Z29yeVBhZ2VIYXNQcm9kdWN0cwoKLS0tLS0tLS0tLS0tLS0tLS0tLS0tLS0tLS0t
LS0tLS0tLS0tLS0tLS0tLS0tLS0tLSANClBIUFVuaXQgOS42LjExIGJ5IFNlYmFz
dGlhbiBCZXJnbWFubiBhbmQgY29udHJpYnV0b3JzLgoKRUVFRUVFRUUgICAgICAg
ICAgICAgICAgICAgICAgICAgICAgICAgICAgICAgICAgICAgICAgICAgICAgICAg
ICAgICA4IC8gOCAoMTAwJSkNCg0KVGltZTogMDA6MTYuMzkzLCBNZW1vcnk6IDI0
LjAwIE1CDQoNClRoZXJlIHdlcmUgOCBlcnJvcnM6CgoxKSBUZXN0c1xGZWF0dXJl
XFVzZXJTdG9yaWVzVGVzdDo6dGVzdF9SRVEyX1B1YmxpY0NhdGVnb3J5UGFnZQpJ
bGx1bWluYXRlXERhdGFiYXNlXFF1ZXJ5RXhjZXB0aW9uOiBTUUxTVEFURVtIWTAw
MF0gWzIwMDJdIE5vIGNvbm5lY3Rpb24gY291bGQgYmUgbWFkZSBiZWNhdXNlIHRo
ZSB0YXJnZXQgbWFjaGluZSBhY3RpdmVseSByZWZ1c2VkIGl0IChTUUw6IHNlbGVj
dCAqIGZyb20gYGNhdGVnb3JpZXNgIGxpbWl0IDEpCgpDOlxVc2Vyc1xjb3JuZVxP
bmVEcml2ZVxEb2N1bWVudGVuXEdpdEh1YlxXRUJcNFNob3BcdmVuZG9yXGxhcmF2
ZWxcZnJhbWV3b3JrXHNyY1xJbGx1bWluYXRlXERhdGFiYXNlXENvbm5lY3Rpb24u
cGhwOjc2MApDOlxVc2Vyc1xjb3JuZVxPbmVEcml2ZVxEb2N1bWVudGVuXEdpdEh1
YlxXRUJcNFNob3BcdmVuZG9yXGxhcmF2ZWxcZnJhbWV3b3JrXHNyY1xJbGx1bWlu
YXRlXERhdGFiYXNlXENvbm5lY3Rpb24ucGhwOjcyMApDOlxVc2Vyc1xjb3JuZVxP
bmVEcml2ZVxEb2N1bWVudGVuXEdpdEh1YlxXRUJcNFNob3BcdmVuZG9yXGxhcmF2
ZWxcZnJhbWV3b3JrXHNyY1xJbGx1bWluYXRlXERhdGFiYXNlXENvbm5lY3Rpb24u
cGhwOjQyMgpDOlxVc2Vyc1xjb3JuZVxPbmVEcml2ZVxEb2N1bWVudGVuXEdpdEh1
YlxXRUJcNFNob3BcdmVuZG9yXGxhcmF2ZWxcZnJhbWV3b3JrXHNyY1xJbGx1bWlu
YXRlXERhdGFiYXNlXFF1ZXJ5XEJ1aWxkZXIucGhwOjI3MDYKQzpcVXNlcnNcY29y
bmVcT25lRHJpdmVcRG9jdW1lbnRlblxHaXRIdWJcV0VCXDRTaG9wXHZlbmRvclxs
YXJhdmVsXGZyYW1ld29ya1xzcmNcSWxsdW1pbmF0ZVxEYXRhYmFzZVxRdWVyeVxC
dWlsZGVyLnBocDoyNjk0CkM6XFVzZXJzXGNvcm5lXE9uZURyaXZlXERvY3VtZW50
ZW5cR2l0SHViXFdFQlw0U2hvcFx2ZW5kb3JcbGFyYXZlbFxmcmFtZXdvcmtcc3Jj
XElsbHVtaW5hdGVcRGF0YWJhc2VcUXVlcnlcQnVpbGRlci5waHA6MzIzMApDOlxV
c2Vyc1xjb3JuZVxPbmVEcml2ZVxEb2N1bWVudGVuXEdpdEh1YlxXRUJcNFNob3Bc
dmVuZG9yXGxhcmF2ZWxcZnJhbWV3b3JrXHNyY1xJbGx1bWluYXRlXERhdGFiYXNl
XFF1ZXJ5XEJ1aWxkZXIucGhwOjI2OTUKQzpcVXNlcnNcY29ybmVcT25lRHJpdmVc
RG9jdW1lbnRlblxHaXRIdWJcV0VCXDRTaG9wXHZlbmRvclxsYXJhdmVsXGZyYW1l
d29ya1xzcmNcSWxsdW1pbmF0ZVxEYXRhYmFzZVxFbG9xdWVudFxCdWlsZGVyLnBo
cDo3MTAKQzpcVXNlcnNcY29ybmVcT25lRHJpdmVcRG9jdW1lbnRlblxHaXRIdWJc
V0VCXDRTaG9wXHZlbmRvclxsYXJhdmVsXGZyYW1ld29ya1xzcmNcSWxsdW1pbmF0
ZVxEYXRhYmFzZVxFbG9xdWVudFxCdWlsZGVyLnBocDo2OTQKQzpcVXNlcnNcY29y
bmVcT25lRHJpdmVcRG9jdW1lbnRlblxHaXRIdWJcV0VCXDRTaG9wXHZlbmRvclxs
YXJhdmVsXGZyYW1ld29ya1xzcmNcSWxsdW1pbmF0ZVxEYXRhYmFzZVxDb25jZXJu
c1xCdWlsZHNRdWVyaWVzLnBocDoyOTYKQzpcVXNlcnNcY29ybmVcT25lRHJpdmVc
RG9jdW1lbnRlblxHaXRIdWJcV0VCXDRTaG9wXHZlbmRvclxsYXJhdmVsXGZyYW1l
d29ya1xzcmNcSWxsdW1pbmF0ZVxTdXBwb3J0XFRyYWl0c1xGb3J3YXJkc0NhbGxz
LnBocDoyMwpDOlxVc2Vyc1xjb3JuZVxPbmVEcml2ZVxEb2N1bWVudGVuXEdpdEh1
YlxXRUJcNFNob3BcdmVuZG9yXGxhcmF2ZWxcZnJhbWV3b3JrXHNyY1xJbGx1bWlu
YXRlXERhdGFiYXNlXEVsb3F1ZW50XE1vZGVsLnBocDoyMzMwCkM6XFVzZXJzXGNv
cm5lXE9uZURyaXZlXERvY3VtZW50ZW5cR2l0SHViXFdFQlw0U2hvcFx2ZW5kb3Jc
bGFyYXZlbFxmcmFtZXdvcmtcc3JjXElsbHVtaW5hdGVcRGF0YWJhc2VcRWxvcXVl
bnRcTW9kZWwucGhwOjIzNDIKQzpcVXNlcnNcY29ybmVcT25lRHJpdmVcRG9jdW1l
bnRlblxHaXRIdWJcV0VCXDRTaG9wXHRlc3RzXEZlYXR1cmVcVXNlclN0b3JpZXNU
ZXN0LnBocDoxMgoKQ2F1c2VkIGJ5ClBET0V4Y2VwdGlvbjogU1FMU1RBVEVbSFkw
MDBdIFsyMDAyXSBObyBjb25uZWN0aW9uIGNvdWxkIGJlIG1hZGUgYmVjYXVzZSB0
aGUgdGFyZ2V0IG1hY2hpbmUgYWN0aXZlbHkgcmVmdXNlZCBpdAoKQzpcVXNlcnNc
Y29ybmVcT25lRHJpdmVcRG9jdW1lbnRlblxHaXRIdWJcV0VCXDRTaG9wXHZlbmRv
clxsYXJhdmVsXGZyYW1ld29ya1xzcmNcSWxsdW1pbmF0ZVxEYXRhYmFzZVxDb25u
ZWN0b3JzXENvbm5lY3Rvci5waHA6NzAKQzpcVXNlcnNcY29ybmVcT25lRHJpdmVc
RG9jdW1lbnRlblxHaXRIdWJcV0VCXDRTaG9wXHZlbmRvclxsYXJhdmVsXGZyYW1l
d29ya1xzcmNcSWxsdW1pbmF0ZVxEYXRhYmFzZVxDb25uZWN0b3JzXENvbm5lY3Rv
ci5waHA6NDYKQzpcVXNlcnNcY29ybmVcT25lRHJpdmVcRG9jdW1lbnRlblxHaXRI
dWJcV0VCXDRTaG9wXHZlbmRvclxsYXJhdmVsXGZyYW1ld29ya1xzcmNcSWxsdW1p
bmF0ZVxEYXRhYmFzZVxDb25uZWN0b3JzXE15U3FsQ29ubmVjdG9yLnBocDoyNApD
OlxVc2Vyc1xjb3JuZVxPbmVEcml2ZVxEb2N1bWVudGVuXEdpdEh1YlxXRUJcNFNo
b3BcdmVuZG9yXGxhcmF2ZWxcZnJhbWV3b3JrXHNyY1xJbGx1bWluYXRlXERhdGFi
YXNlXENvbm5lY3RvcnNcQ29ubmVjdGlvbkZhY3RvcnkucGhwOjE4NApDOlxVc2Vy
c1xjb3JuZVxPbmVEcml2ZVxEb2N1bWVudGVuXEdpdEh1YlxXRUJcNFNob3BcdmVu
ZG9yXGxhcmF2ZWxcZnJhbWV3b3JrXHNyY1xJbGx1bWluYXRlXERhdGFiYXNlXENv
bm5lY3Rpb24ucGhwOjExODEKQzpcVXNlcnNcY29ybmVcT25lRHJpdmVcRG9jdW1l
bnRlblxHaXRIdWJcV0VCXDRTaG9wXHZlbmRvclxsYXJhdmVsXGZyYW1ld29ya1xz
cmNcSWxsdW1pbmF0ZVxEYXRhYmFzZVxDb25uZWN0aW9uLnBocDoxMjE3CkM6XFVz
ZXJzXGNvcm5lXE9uZURyaXZlXERvY3VtZW50ZW5cR2l0SHViXFdFQlw0U2hvcFx2
ZW5kb3JcbGFyYXZlbFxmcmFtZXdvcmtcc3JjXElsbHVtaW5hdGVcRGF0YWJhc2Vc
Q29ubmVjdGlvbi5waHA6NDg2CkM6XFVzZXJzXGNvcm5lXE9uZURyaXZlXERvY3Vt
ZW50ZW5cR2l0SHViXFdFQlw0U2hvcFx2ZW5kb3JcbGFyYXZlbFxmcmFtZXdvcmtc
c3JjXElsbHVtaW5hdGVcRGF0YWJhc2VcQ29ubmVjdGlvbi5waHA6NDE0CkM6XFVz
ZXJzXGNvcm5lXE9uZURyaXZlXERvY3VtZW50ZW5cR2l0SHViXFdFQlw0U2hvcFx2
ZW5kb3JcbGFyYXZlbFxmcmFtZXdvcmtcc3JjXElsbHVtaW5hdGVcRGF0YWJhc2Vc
Q29ubmVjdGlvbi5waHA6NzUzCkM6XFVzZXJzXGNvcm5lXE9uZURyaXZlXERvY3Vt
ZW50ZW5cR2l0SHViXFdFQlw0U2hvcFx2ZW5kb3JcbGFyYXZlbFxmcmFtZXdvcmtc
c3JjXElsbHVtaW5hdGVcRGF0YWJhc2VcQ29ubmVjdGlvbi5waHA6NzIwCkM6XFVz
ZXJzXGNvcm5lXE9uZURyaXZlXERvY3VtZW50ZW5cR2l0SHViXFdFQlw0U2hvcFx2
ZW5kb3JcbGFyYXZlbFxmcmFtZXdvcmtcc3JjXElsbHVtaW5hdGVcRGF0YWJhc2Vc
Q29ubmVjdGlvbi5waHA6NDIyCkM6XFVzZXJzXGNvcm5lXE9uZURyaXZlXERvY3Vt
ZW50ZW5cR2l0SHViXFdFQlw0U2hvcFx2ZW5kb3JcbGFyYXZlbFxmcmFtZXdvcmtc
c3JjXElsbHVtaW5hdGVcRGF0YWJhc2VcUXVlcnlcQnVpbGRlci5waHA6MjcwNgpD
OlxVc2Vyc1xjb3JuZVxPbmVEcml2ZVxEb2N1bWVudGVuXEdpdEh1YlxXRUJcNFNo
b3BcdmVuZG9yXGxhcmF2ZWxcZnJhbWV3b3JrXHNyY1xJbGx1bWluYXRlXERhdGFi
YXNlXFF1ZXJ5XEJ1aWxkZXIucGhwOjI2OTQKQzpcVXNlcnNcY29ybmVcT25lRHJp
dmVcRG9jdW1lbnRlblxHaXRIdWJcV0VCXDRTaG9wXHZlbmRvclxsYXJhdmVsXGZy
YW1ld29ya1xzcmNcSWxsdW1pbmF0ZVxEYXRhYmFzZVxRdWVyeVxCdWlsZGVyLnBo
cDozMjMwCkM6XFVzZXJzXGNvcm5lXE9uZURyaXZlXERvY3VtZW50ZW5cR2l0SHVi
XFdFQlw0U2hvcFx2ZW5kb3JcbGFyYXZlbFxmcmFtZXdvcmtcc3JjXElsbHVtaW5h
dGVcRGF0YWJhc2VcUXVlcnlcQnVpbGRlci5waHA6MjY5NQpDOlxVc2Vyc1xjb3Ju
ZVxPbmVEcml2ZVxEb2N1bWVudGVuXEdpdEh1YlxXRUJcNFNob3BcdmVuZG9yXGxh
cmF2ZWxcZnJhbWV3b3JrXHNyY1xJbGx1bWluYXRlXERhdGFiYXNlXEVsb3F1ZW50
XEJ1aWxkZXIucGhwOjcxMApDOlxVc2Vyc1xjb3JuZVxPbmVEcml2ZVxEb2N1bWVu
dGVuXEdpdEh1YlxXRUJcNFNob3BcdmVuZG9yXGxhcmF2ZWxcZnJhbWV3b3JrXHNy
Y1xJbGx1bWluYXRlXERhdGFiYXNlXEVsb3F1ZW50XEJ1aWxkZXIucGhwOjY5NApD
OlxVc2Vyc1xjb3JuZVxPbmVEcml2ZVxEb2N1bWVudGVuXEdpdEh1YlxXRUJcNFNo
b3BcdmVuZG9yXGxhcmF2ZWxcZnJhbWV3b3JrXHNyY1xJbGx1bWluYXRlXERhdGFi
YXNlXENvbmNlcm5zXEJ1aWxkc1F1ZXJpZXMucGhwOjI5NgpDOlxVc2Vyc1xjb3Ju
ZVxPbmVEcml2ZVxEb2N1bWVudGVuXEdpdEh1YlxXRUJcNFNob3BcdmVuZG9yXGxh
cmF2ZWxcZnJhbWV3b3JrXHNyY1xJbGx1bWluYXRlXFN1cHBvcnRcVHJhaXRzXEZv
cndhcmRzQ2FsbHMucGhwOjIzCkM6XFVzZXJzXGNvcm5lXE9uZURyaXZlXERvY3Vt
ZW50ZW5cR2l0SHViXFdFQlw0U2hvcFx2ZW5kb3JcbGFyYXZlbFxmcmFtZXdvcmtc
c3JjXElsbHVtaW5hdGVcRGF0YWJhc2VcRWxvcXVlbnRcTW9kZWwucGhwOjIzMzAK
QzpcVXNlcnNcY29ybmVcT25lRHJpdmVcRG9jdW1lbnRlblxHaXRIdWJcV0VCXDRT
aG9wXHZlbmRvclxsYXJhdmVsXGZyYW1ld29ya1xzcmNcSWxsdW1pbmF0ZVxEYXRh
YmFzZVxFbG9xdWVudFxNb2RlbC5waHA6MjM0MgpDOlxVc2Vyc1xjb3JuZVxPbmVE
cml2ZVxEb2N1bWVudGVuXEdpdEh1YlxXRUJcNFNob3BcdGVzdHNcRmVhdHVyZVxV
c2VyU3Rvcmllc1Rlc3QucGhwOjEyCgoyKSBUZXN0c1xGZWF0dXJlXFVzZXJTdG9y
aWVzVGVzdDo6dGVzdF9SRVE0X0Rpc2NvdW50ZWRQcmljZU9uTW9kZWwKSWxsdW1p
bmF0ZVxEYXRhYmFzZVxRdWVyeUV4Y2VwdGlvbjogU1FMU1RBVEVbSFkwMDBdIFsy
MDAyXSBObyBjb25uZWN0aW9uIGNvdWxkIGJlIG1hZGUgYmVjYXVzZSB0aGUgdGFy
Z2V0IG1hY2hpbmUgYWN0aXZlbHkgcmVmdXNlZCBpdCAoU1FMOiBzZWxlY3QgKiBm
cm9tIGBwcm9kdWN0c2Agd2hlcmUgYGRpc2NvdW50YCA+IDAgbGltaXQgMSkKCkM6
XFVzZXJzXGNvcm5lXE9uZURyaXZlXERvY3VtZW50ZW5cR2l0SHViXFdFQlw0U2hv
cFx2ZW5kb3JcbGFyYXZlbFxmcmFtZXdvcmtcc3JjXElsbHVtaW5hdGVcRGF0YWJh
c2VcQ29ubmVjdGlvbi5waHA6NzYwCkM6XFVzZXJzXGNvcm5lXE9uZURyaXZlXERv
Y3VtZW50ZW5cR2l0SHViXFdFQlw0U2hvcFx2ZW5kb3JcbGFyYXZlbFxmcmFtZXdv
cmtcc3JjXElsbHVtaW5hdGVcRGF0YWJhc2VcQ29ubmVjdGlvbi5waHA6NzIwCkM6
XFVzZXJzXGNvcm5lXE9uZURyaXZlXERvY3VtZW50ZW5cR2l0SHViXFdFQlw0U2hv
cFx2ZW5kb3JcbGFyYXZlbFxmcmFtZXdvcmtcc3JjXElsbHVtaW5hdGVcRGF0YWJh
c2VcQ29ubmVjdGlvbi5waHA6NDIyCkM6XFVzZXJzXGNvcm5lXE9uZURyaXZlXERv
Y3VtZW50ZW5cR2l0SHViXFdFQlw0U2hvcFx2ZW5kb3JcbGFyYXZlbFxmcmFtZXdv
cmtcc3JjXElsbHVtaW5hdGVcRGF0YWJhc2VcUXVlcnlcQnVpbGRlci5waHA6Mjcw
NgpDOlxVc2Vyc1xjb3JuZVxPbmVEcml2ZVxEb2N1bWVudGVuXEdpdEh1YlxXRUJc
NFNob3BcdmVuZG9yXGxhcmF2ZWxcZnJhbWV3b3JrXHNyY1xJbGx1bWluYXRlXERh
dGFiYXNlXFF1ZXJ5XEJ1aWxkZXIucGhwOjI2OTQKQzpcVXNlcnNcY29ybmVcT25l
RHJpdmVcRG9jdW1lbnRlblxHaXRIdWJcV0VCXDRTaG9wXHZlbmRvclxsYXJhdmVs
XGZyYW1ld29ya1xzcmNcSWxsdW1pbmF0ZVxEYXRhYmFzZVxRdWVyeVxCdWlsZGVy
LnBocDozMjMwCkM6XFVzZXJzXGNvcm5lXE9uZURyaXZlXERvY3VtZW50ZW5cR2l0
SHViXFdFQlw0U2hvcFx2ZW5kb3JcbGFyYXZlbFxmcmFtZXdvcmtcc3JjXElsbHVt
aW5hdGVcRGF0YWJhc2VcUXVlcnlcQnVpbGRlci5waHA6MjY5NQpDOlxVc2Vyc1xj
b3JuZVxPbmVEcml2ZVxEb2N1bWVudGVuXEdpdEh1YlxXRUJcNFNob3BcdmVuZG9y
XGxhcmF2ZWxcZnJhbWV3b3JrXHNyY1xJbGx1bWluYXRlXERhdGFiYXNlXEVsb3F1
ZW50XEJ1aWxkZXIucGhwOjcxMApDOlxVc2Vyc1xjb3JuZVxPbmVEcml2ZVxEb2N1
bWVudGVuXEdpdEh1YlxXRUJcNFNob3BcdmVuZG9yXGxhcmF2ZWxcZnJhbWV3b3Jr
XHNyY1xJbGx1bWluYXRlXERhdGFiYXNlXEVsb3F1ZW50XEJ1aWxkZXIucGhwOjY5
NApDOlxVc2Vyc1xjb3JuZVxPbmVEcml2ZVxEb2N1bWVudGVuXEdpdEh1YlxXRUJc
NFNob3BcdmVuZG9yXGxhcmF2ZWxcZnJhbWV3b3JrXHNyY1xJbGx1bWluYXRlXERh
dGFiYXNlXENvbmNlcm5zXEJ1aWxkc1F1ZXJpZXMucGhwOjI5NgpDOlxVc2Vyc1xj
b3JuZVxPbmVEcml2ZVxEb2N1bWVudGVuXEdpdEh1YlxXRUJcNFNob3BcdGVzdHNc
RmVhdHVyZVxVc2VyU3Rvcmllc1Rlc3QucGhwOjIxCgpDYXVzZWQgYnkKUERPRXhj
ZXB0aW9uOiBTUUxTVEFURVtIWTAwMF0gWzIwMDJdIE5vIGNvbm5lY3Rpb24gY291
bGQgYmUgbWFkZSBiZWNhdXNlIHRoZSB0YXJnZXQgbWFjaGluZSBhY3RpdmVseSBy
ZWZ1c2VkIGl0CgpDOlxVc2Vyc1xjb3JuZVxPbmVEcml2ZVxEb2N1bWVudGVuXEdp
dEh1YlxXRUJcNFNob3BcdmVuZG9yXGxhcmF2ZWxcZnJhbWV3b3JrXHNyY1xJbGx1
bWluYXRlXERhdGFiYXNlXENvbm5lY3RvcnNcQ29ubmVjdG9yLnBocDo3MApDOlxV
c2Vyc1xjb3JuZVxPbmVEcml2ZVxEb2N1bWVudGVuXEdpdEh1YlxXRUJcNFNob3Bc
dmVuZG9yXGxhcmF2ZWxcZnJhbWV3b3JrXHNyY1xJbGx1bWluYXRlXERhdGFiYXNl
XENvbm5lY3RvcnNcQ29ubmVjdG9yLnBocDo0NgpDOlxVc2Vyc1xjb3JuZVxPbmVE
cml2ZVxEb2N1bWVudGVuXEdpdEh1YlxXRUJcNFNob3BcdmVuZG9yXGxhcmF2ZWxc
ZnJhbWV3b3JrXHNyY1xJbGx1bWluYXRlXERhdGFiYXNlXENvbm5lY3RvcnNcTXlT
cWxDb25uZWN0b3IucGhwOjI0CkM6XFVzZXJzXGNvcm5lXE9uZURyaXZlXERvY3Vt
ZW50ZW5cR2l0SHViXFdFQlw0U2hvcFx2ZW5kb3JcbGFyYXZlbFxmcmFtZXdvcmtc
c3JjXElsbHVtaW5hdGVcRGF0YWJhc2VcQ29ubmVjdG9yc1xDb25uZWN0aW9uRmFj
dG9yeS5waHA6MTg0CkM6XFVzZXJzXGNvcm5lXE9uZURyaXZlXERvY3VtZW50ZW5c
R2l0SHViXFdFQlw0U2hvcFx2ZW5kb3JcbGFyYXZlbFxmcmFtZXdvcmtcc3JjXEls
bHVtaW5hdGVcRGF0YWJhc2VcQ29ubmVjdGlvbi5waHA6MTE4MQpDOlxVc2Vyc1xj
b3JuZVxPbmVEcml2ZVxEb2N1bWVudGVuXEdpdEh1YlxXRUJcNFNob3BcdmVuZG9y
XGxhcmF2ZWxcZnJhbWV3b3JrXHNyY1xJbGx1bWluYXRlXERhdGFiYXNlXENvbm5l
Y3Rpb24ucGhwOjEyMTcKQzpcVXNlcnNcY29ybmVcT25lRHJpdmVcRG9jdW1lbnRl
blxHaXRIdWJcV0VCXDRTaG9wXHZlbmRvclxsYXJhdmVsXGZyYW1ld29ya1xzcmNc
SWxsdW1pbmF0ZVxEYXRhYmFzZVxDb25uZWN0aW9uLnBocDo0ODYKQzpcVXNlcnNc
Y29ybmVcT25lRHJpdmVcRG9jdW1lbnRlblxHaXRIdWJcV0VCXDRTaG9wXHZlbmRv
clxsYXJhdmVsXGZyYW1ld29ya1xzcmNcSWxsdW1pbmF0ZVxEYXRhYmFzZVxDb25u
ZWN0aW9uLnBocDo0MTQKQzpcVXNlcnNcY29ybmVcT25lRHJpdmVcRG9jdW1lbnRl
blxHaXRIdWJcV0VCXDRTaG9wXHZlbmRvclxsYXJhdmVsXGZyYW1ld29ya1xzcmNc
SWxsdW1pbmF0ZVxEYXRhYmFzZVxDb25uZWN0aW9uLnBocDo3NTMKQzpcVXNlcnNc
Y29ybmVcT25lRHJpdmVcRG9jdW1lbnRlblxHaXRIdWJcV0VCXDRTaG9wXHZlbmRv
clxsYXJhdmVsXGZyYW1ld29ya1xzcmNcSWxsdW1pbmF0ZVxEYXRhYmFzZVxDb25u
ZWN0aW9uLnBocDo3MjAKQzpcVXNlcnNcY29ybmVcT25lRHJpdmVcRG9jdW1lbnRl
blxHaXRIdWJcV0VCXDRTaG9wXHZlbmRvclxsYXJhdmVsXGZyYW1ld29ya1xzcmNc
SWxsdW1pbmF0ZVxEYXRhYmFzZVxDb25uZWN0aW9uLnBocDo0MjIKQzpcVXNlcnNc
Y29ybmVcT25lRHJpdmVcRG9jdW1lbnRlblxHaXRIdWJcV0VCXDRTaG9wXHZlbmRv
clxsYXJhdmVsXGZyYW1ld29ya1xzcmNcSWxsdW1pbmF0ZVxEYXRhYmFzZVxRdWVy
eVxCdWlsZGVyLnBocDoyNzA2CkM6XFVzZXJzXGNvcm5lXE9uZURyaXZlXERvY3Vt
ZW50ZW5cR2l0SHViXFdFQlw0U2hvcFx2ZW5kb3JcbGFyYXZlbFxmcmFtZXdvcmtc
c3JjXElsbHVtaW5hdGVcRGF0YWJhc2VcUXVlcnlcQnVpbGRlci5waHA6MjY5NApD
OlxVc2Vyc1xjb3JuZVxPbmVEcml2ZVxEb2N1bWVudGVuXEdpdEh1YlxXRUJcNFNo
b3BcdmVuZG9yXGxhcmF2ZWxcZnJhbWV3b3JrXHNyY1xJbGx1bWluYXRlXERhdGFi
YXNlXFF1ZXJ5XEJ1aWxkZXIucGhwOjMyMzAKQzpcVXNlcnNcY29ybmVcT25lRHJp
dmVcRG9jdW1lbnRlblxHaXRIdWJcV0VCXDRTaG9wXHZlbmRvclxsYXJhdmVsXGZy
YW1ld29ya1xzcmNcSWxsdW1pbmF0ZVxEYXRhYmFzZVxRdWVyeVxCdWlsZGVyLnBo
cDoyNjk1CkM6XFVzZXJzXGNvcm5lXE9uZURyaXZlXERvY3VtZW50ZW5cR2l0SHVi
XFdFQlw0U2hvcFx2ZW5kb3JcbGFyYXZlbFxmcmFtZXdvcmtcc3JjXElsbHVtaW5h
dGVcRGF0YWJhc2VcRWxvcXVlbnRcQnVpbGRlci5waHA6NzEwCkM6XFVzZXJzXGNv
cm5lXE9uZURyaXZlXERvY3VtZW50ZW5cR2l0SHViXFdFQlw0U2hvcFx2ZW5kb3Jc
bGFyYXZlbFxmcmFtZXdvcmtcc3JjXElsbHVtaW5hdGVcRGF0YWJhc2VcRWxvcXVl
bnRcQnVpbGRlci5waHA6Njk0CkM6XFVzZXJzXGNvcm5lXE9uZURyaXZlXERvY3Vt
ZW50ZW5cR2l0SHViXFdFQlw0U2hvcFx2ZW5kb3JcbGFyYXZlbFxmcmFtZXdvcmtc
c3JjXElsbHVtaW5hdGVcRGF0YWJhc2VcQ29uY2VybnNcQnVpbGRzUXVlcmllcy5w
aHA6Mjk2CkM6XFVzZXJzXGNvcm5lXE9uZURyaXZlXERvY3VtZW50ZW5cR2l0SHVi
XFdFQlw0U2hvcFx0ZXN0c1xGZWF0dXJlXFVzZXJTdG9yaWVzVGVzdC5waHA6MjEK
CjMpIFRlc3RzXEZlYXR1cmVcVXNlclN0b3JpZXNUZXN0Ojp0ZXN0X1JFUTRfRGlz
Y291bnRlZFByaWNlSW5IVE1MCklsbHVtaW5hdGVcRGF0YWJhc2VcUXVlcnlFeGNl
cHRpb246IFNRTFNUQVRFW0hZMDAwXSBbMjAwMl0gTm8gY29ubmVjdGlvbiBjb3Vs
ZCBiZSBtYWRlIGJlY2F1c2UgdGhlIHRhcmdldCBtYWNoaW5lIGFjdGl2ZWx5IHJl
ZnVzZWQgaXQgKFNRTDogc2VsZWN0ICogZnJvbSBgcHJvZHVjdHNgIHdoZXJlIGBk
aXNjb3VudGAgPiAwIGxpbWl0IDEpCgpDOlxVc2Vyc1xjb3JuZVxPbmVEcml2ZVxE
b2N1bWVudGVuXEdpdEh1YlxXRUJcNFNob3BcdmVuZG9yXGxhcmF2ZWxcZnJhbWV3
b3JrXHNyY1xJbGx1bWluYXRlXERhdGFiYXNlXENvbm5lY3Rpb24ucGhwOjc2MApD
OlxVc2Vyc1xjb3JuZVxPbmVEcml2ZVxEb2N1bWVudGVuXEdpdEh1YlxXRUJcNFNo
b3BcdmVuZG9yXGxhcmF2ZWxcZnJhbWV3b3JrXHNyY1xJbGx1bWluYXRlXERhdGFi
YXNlXENvbm5lY3Rpb24ucGhwOjcyMApDOlxVc2Vyc1xjb3JuZVxPbmVEcml2ZVxE
b2N1bWVudGVuXEdpdEh1YlxXRUJcNFNob3BcdmVuZG9yXGxhcmF2ZWxcZnJhbWV3
b3JrXHNyY1xJbGx1bWluYXRlXERhdGFiYXNlXENvbm5lY3Rpb24ucGhwOjQyMgpD
OlxVc2Vyc1xjb3JuZVxPbmVEcml2ZVxEb2N1bWVudGVuXEdpdEh1YlxXRUJcNFNo
b3BcdmVuZG9yXGxhcmF2ZWxcZnJhbWV3b3JrXHNyY1xJbGx1bWluYXRlXERhdGFi
YXNlXFF1ZXJ5XEJ1aWxkZXIucGhwOjI3MDYKQzpcVXNlcnNcY29ybmVcT25lRHJp
dmVcRG9jdW1lbnRlblxHaXRIdWJcV0VCXDRTaG9wXHZlbmRvclxsYXJhdmVsXGZy
YW1ld29ya1xzcmNcSWxsdW1pbmF0ZVxEYXRhYmFzZVxRdWVyeVxCdWlsZGVyLnBo
cDoyNjk0CkM6XFVzZXJzXGNvcm5lXE9uZURyaXZlXERvY3VtZW50ZW5cR2l0SHVi
XFdFQlw0U2hvcFx2ZW5kb3JcbGFyYXZlbFxmcmFtZXdvcmtcc3JjXElsbHVtaW5h
dGVcRGF0YWJhc2VcUXVlcnlcQnVpbGRlci5waHA6MzIzMApDOlxVc2Vyc1xjb3Ju
ZVxPbmVEcml2ZVxEb2N1bWVudGVuXEdpdEh1YlxXRUJcNFNob3BcdmVuZG9yXGxh
cmF2ZWxcZnJhbWV3b3JrXHNyY1xJbGx1bWluYXRlXERhdGFiYXNlXFF1ZXJ5XEJ1
aWxkZXIucGhwOjI2OTUKQzpcVXNlcnNcY29ybmVcT25lRHJpdmVcRG9jdW1lbnRl
blxHaXRIdWJcV0VCXDRTaG9wXHZlbmRvclxsYXJhdmVsXGZyYW1ld29ya1xzcmNc
SWxsdW1pbmF0ZVxEYXRhYmFzZVxFbG9xdWVudFxCdWlsZGVyLnBocDo3MTAKQzpc
VXNlcnNcY29ybmVcT25lRHJpdmVcRG9jdW1lbnRlblxHaXRIdWJcV0VCXDRTaG9w
XHZlbmRvclxsYXJhdmVsXGZyYW1ld29ya1xzcmNcSWxsdW1pbmF0ZVxEYXRhYmFz
ZVxFbG9xdWVudFxCdWlsZGVyLnBocDo2OTQKQzpcVXNlcnNcY29ybmVcT25lRHJp
dmVcRG9jdW1lbnRlblxHaXRIdWJcV0VCXDRTaG9wXHZlbmRvclxsYXJhdmVsXGZy
YW1ld29ya1xzcmNcSWxsdW1pbmF0ZVxEYXRhYmFzZVxDb25jZXJuc1xCdWlsZHNR
dWVyaWVzLnBocDoyOTYKQzpcVXNlcnNcY29ybmVcT25lRHJpdmVcRG9jdW1lbnRl
blxHaXRIdWJcV0VCXDRTaG9wXHRlc3RzXEZlYXR1cmVcVXNlclN0b3JpZXNUZXN0
LnBocDozNAoKQ2F1c2VkIGJ5ClBET0V4Y2VwdGlvbjogU1FMU1RBVEVbSFkwMDBd
IFsyMDAyXSBObyBjb25uZWN0aW9uIGNvdWxkIGJlIG1hZGUgYmVjYXVzZSB0aGUg
dGFyZ2V0IG1hY2hpbmUgYWN0aXZlbHkgcmVmdXNlZCBpdAoKQzpcVXNlcnNcY29y
bmVcT25lRHJpdmVcRG9jdW1lbnRlblxHaXRIdWJcV0VCXDRTaG9wXHZlbmRvclxs
YXJhdmVsXGZyYW1ld29ya1xzcmNcSWxsdW1pbmF0ZVxEYXRhYmFzZVxDb25uZWN0
b3JzXENvbm5lY3Rvci5waHA6NzAKQzpcVXNlcnNcY29ybmVcT25lRHJpdmVcRG9j
dW1lbnRlblxHaXRIdWJcV0VCXDRTaG9wXHZlbmRvclxsYXJhdmVsXGZyYW1ld29y
a1xzcmNcSWxsdW1pbmF0ZVxEYXRhYmFzZVxDb25uZWN0b3JzXENvbm5lY3Rvci5w
aHA6NDYKQzpcVXNlcnNcY29ybmVcT25lRHJpdmVcRG9jdW1lbnRlblxHaXRIdWJc
V0VCXDRTaG9wXHZlbmRvclxsYXJhdmVsXGZyYW1ld29ya1xzcmNcSWxsdW1pbmF0
ZVxEYXRhYmFzZVxDb25uZWN0b3JzXE15U3FsQ29ubmVjdG9yLnBocDoyNApDOlxV
c2Vyc1xjb3JuZVxPbmVEcml2ZVxEb2N1bWVudGVuXEdpdEh1YlxXRUJcNFNob3Bc
dmVuZG9yXGxhcmF2ZWxcZnJhbWV3b3JrXHNyY1xJbGx1bWluYXRlXERhdGFiYXNl
XENvbm5lY3RvcnNcQ29ubmVjdGlvbkZhY3RvcnkucGhwOjE4NApDOlxVc2Vyc1xj
b3JuZVxPbmVEcml2ZVxEb2N1bWVudGVuXEdpdEh1YlxXRUJcNFNob3BcdmVuZG9y
XGxhcmF2ZWxcZnJhbWV3b3JrXHNyY1xJbGx1bWluYXRlXERhdGFiYXNlXENvbm5l
Y3Rpb24ucGhwOjExODEKQzpcVXNlcnNcY29ybmVcT25lRHJpdmVcRG9jdW1lbnRl
blxHaXRIdWJcV0VCXDRTaG9wXHZlbmRvclxsYXJhdmVsXGZyYW1ld29ya1xzcmNc
SWxsdW1pbmF0ZVxEYXRhYmFzZVxDb25uZWN0aW9uLnBocDoxMjE3CkM6XFVzZXJz
XGNvcm5lXE9uZURyaXZlXERvY3VtZW50ZW5cR2l0SHViXFdFQlw0U2hvcFx2ZW5k
b3JcbGFyYXZlbFxmcmFtZXdvcmtcc3JjXElsbHVtaW5hdGVcRGF0YWJhc2VcQ29u
bmVjdGlvbi5waHA6NDg2CkM6XFVzZXJzXGNvcm5lXE9uZURyaXZlXERvY3VtZW50
ZW5cR2l0SHViXFdFQlw0U2hvcFx2ZW5kb3JcbGFyYXZlbFxmcmFtZXdvcmtcc3Jj
XElsbHVtaW5hdGVcRGF0YWJhc2VcQ29ubmVjdGlvbi5waHA6NDE0CkM6XFVzZXJz
XGNvcm5lXE9uZURyaXZlXERvY3VtZW50ZW5cR2l0SHViXFdFQlw0U2hvcFx2ZW5k
b3JcbGFyYXZlbFxmcmFtZXdvcmtcc3JjXElsbHVtaW5hdGVcRGF0YWJhc2VcQ29u
bmVjdGlvbi5waHA6NzUzCkM6XFVzZXJzXGNvcm5lXE9uZURyaXZlXERvY3VtZW50
ZW5cR2l0SHViXFdFQlw0U2hvcFx2ZW5kb3JcbGFyYXZlbFxmcmFtZXdvcmtcc3Jj
XElsbHVtaW5hdGVcRGF0YWJhc2VcQ29ubmVjdGlvbi5waHA6NzIwCkM6XFVzZXJz
XGNvcm5lXE9uZURyaXZlXERvY3VtZW50ZW5cR2l0SHViXFdFQlw0U2hvcFx2ZW5k
b3JcbGFyYXZlbFxmcmFtZXdvcmtcc3JjXElsbHVtaW5hdGVcRGF0YWJhc2VcQ29u
bmVjdGlvbi5waHA6NDIyCkM6XFVzZXJzXGNvcm5lXE9uZURyaXZlXERvY3VtZW50
ZW5cR2l0SHViXFdFQlw0U2hvcFx2ZW5kb3JcbGFyYXZlbFxmcmFtZXdvcmtcc3Jj
XElsbHVtaW5hdGVcRGF0YWJhc2VcUXVlcnlcQnVpbGRlci5waHA6MjcwNgpDOlxV
c2Vyc1xjb3JuZVxPbmVEcml2ZVxEb2N1bWVudGVuXEdpdEh1YlxXRUJcNFNob3Bc
dmVuZG9yXGxhcmF2ZWxcZnJhbWV3b3JrXHNyY1xJbGx1bWluYXRlXERhdGFiYXNl
XFF1ZXJ5XEJ1aWxkZXIucGhwOjI2OTQKQzpcVXNlcnNcY29ybmVcT25lRHJpdmVc
RG9jdW1lbnRlblxHaXRIdWJcV0VCXDRTaG9wXHZlbmRvclxsYXJhdmVsXGZyYW1l
d29ya1xzcmNcSWxsdW1pbmF0ZVxEYXRhYmFzZVxRdWVyeVxCdWlsZGVyLnBocDoz
MjMwCkM6XFVzZXJzXGNvcm5lXE9uZURyaXZlXERvY3VtZW50ZW5cR2l0SHViXFdF
Qlw0U2hvcFx2ZW5kb3JcbGFyYXZlbFxmcmFtZXdvcmtcc3JjXElsbHVtaW5hdGVc
RGF0YWJhc2VcUXVlcnlcQnVpbGRlci5waHA6MjY5NQpDOlxVc2Vyc1xjb3JuZVxP
bmVEcml2ZVxEb2N1bWVudGVuXEdpdEh1YlxXRUJcNFNob3BcdmVuZG9yXGxhcmF2
ZWxcZnJhbWV3b3JrXHNyY1xJbGx1bWluYXRlXERhdGFiYXNlXEVsb3F1ZW50XEJ1
aWxkZXIucGhwOjcxMApDOlxVc2Vyc1xjb3JuZVxPbmVEcml2ZVxEb2N1bWVudGVu
XEdpdEh1YlxXRUJcNFNob3BcdmVuZG9yXGxhcmF2ZWxcZnJhbWV3b3JrXHNyY1xJ
bGx1bWluYXRlXERhdGFiYXNlXEVsb3F1ZW50XEJ1aWxkZXIucGhwOjY5NApDOlxV
c2Vyc1xjb3JuZVxPbmVEcml2ZVxEb2N1bWVudGVuXEdpdEh1YlxXRUJcNFNob3Bc
dmVuZG9yXGxhcmF2ZWxcZnJhbWV3b3JrXHNyY1xJbGx1bWluYXRlXERhdGFiYXNl
XENvbmNlcm5zXEJ1aWxkc1F1ZXJpZXMucGhwOjI5NgpDOlxVc2Vyc1xjb3JuZVxP
bmVEcml2ZVxEb2N1bWVudGVuXEdpdEh1YlxXRUJcNFNob3BcdGVzdHNcRmVhdHVy
ZVxVc2VyU3Rvcmllc1Rlc3QucGhwOjM0Cgo0KSBUZXN0c1xGZWF0dXJlXFVzZXJT
dG9yaWVzVGVzdDo6dGVzdF9SRVE2X09yZGVyU3RhdHVzRXhpc3RzCklsbHVtaW5h
dGVcRGF0YWJhc2VcUXVlcnlFeGNlcHRpb246IFNRTFNUQVRFW0hZMDAwXSBbMjAw
Ml0gTm8gY29ubmVjdGlvbiBjb3VsZCBiZSBtYWRlIGJlY2F1c2UgdGhlIHRhcmdl
dCBtYWNoaW5lIGFjdGl2ZWx5IHJlZnVzZWQgaXQgKFNRTDogc2VsZWN0ICogZnJv
bSBgb3JkZXJzYCBsaW1pdCAxKQoKQzpcVXNlcnNcY29ybmVcT25lRHJpdmVcRG9j
dW1lbnRlblxHaXRIdWJcV0VCXDRTaG9wXHZlbmRvclxsYXJhdmVsXGZyYW1ld29y
a1xzcmNcSWxsdW1pbmF0ZVxEYXRhYmFzZVxDb25uZWN0aW9uLnBocDo3NjAKQzpc
VXNlcnNcY29ybmVcT25lRHJpdmVcRG9jdW1lbnRlblxHaXRIdWJcV0VCXDRTaG9w
XHZlbmRvclxsYXJhdmVsXGZyYW1ld29ya1xzcmNcSWxsdW1pbmF0ZVxEYXRhYmFz
ZVxDb25uZWN0aW9uLnBocDo3MjAKQzpcVXNlcnNcY29ybmVcT25lRHJpdmVcRG9j
dW1lbnRlblxHaXRIdWJcV0VCXDRTaG9wXHZlbmRvclxsYXJhdmVsXGZyYW1ld29y
a1xzcmNcSWxsdW1pbmF0ZVxEYXRhYmFzZVxDb25uZWN0aW9uLnBocDo0MjIKQzpc
VXNlcnNcY29ybmVcT25lRHJpdmVcRG9jdW1lbnRlblxHaXRIdWJcV0VCXDRTaG9w
XHZlbmRvclxsYXJhdmVsXGZyYW1ld29ya1xzcmNcSWxsdW1pbmF0ZVxEYXRhYmFz
ZVxRdWVyeVxCdWlsZGVyLnBocDoyNzA2CkM6XFVzZXJzXGNvcm5lXE9uZURyaXZl
XERvY3VtZW50ZW5cR2l0SHViXFdFQlw0U2hvcFx2ZW5kb3JcbGFyYXZlbFxmcmFt
ZXdvcmtcc3JjXElsbHVtaW5hdGVcRGF0YWJhc2VcUXVlcnlcQnVpbGRlci5waHA6
MjY5NApDOlxVc2Vyc1xjb3JuZVxPbmVEcml2ZVxEb2N1bWVudGVuXEdpdEh1YlxX
RUJcNFNob3BcdmVuZG9yXGxhcmF2ZWxcZnJhbWV3b3JrXHNyY1xJbGx1bWluYXRl
XERhdGFiYXNlXFF1ZXJ5XEJ1aWxkZXIucGhwOjMyMzAKQzpcVXNlcnNcY29ybmVc
T25lRHJpdmVcRG9jdW1lbnRlblxHaXRIdWJcV0VCXDRTaG9wXHZlbmRvclxsYXJh
dmVsXGZyYW1ld29ya1xzcmNcSWxsdW1pbmF0ZVxEYXRhYmFzZVxRdWVyeVxCdWls
ZGVyLnBocDoyNjk1CkM6XFVzZXJzXGNvcm5lXE9uZURyaXZlXERvY3VtZW50ZW5c
R2l0SHViXFdFQlw0U2hvcFx2ZW5kb3JcbGFyYXZlbFxmcmFtZXdvcmtcc3JjXEls
bHVtaW5hdGVcRGF0YWJhc2VcRWxvcXVlbnRcQnVpbGRlci5waHA6NzEwCkM6XFVz
ZXJzXGNvcm5lXE9uZURyaXZlXERvY3VtZW50ZW5cR2l0SHViXFdFQlw0U2hvcFx2
ZW5kb3JcbGFyYXZlbFxmcmFtZXdvcmtcc3JjXElsbHVtaW5hdGVcRGF0YWJhc2Vc
RWxvcXVlbnRcQnVpbGRlci5waHA6Njk0CkM6XFVzZXJzXGNvcm5lXE9uZURyaXZl
XERvY3VtZW50ZW5cR2l0SHViXFdFQlw0U2hvcFx2ZW5kb3JcbGFyYXZlbFxmcmFt
ZXdvcmtcc3JjXElsbHVtaW5hdGVcRGF0YWJhc2VcQ29uY2VybnNcQnVpbGRzUXVl
cmllcy5waHA6Mjk2CkM6XFVzZXJzXGNvcm5lXE9uZURyaXZlXERvY3VtZW50ZW5c
R2l0SHViXFdFQlw0U2hvcFx2ZW5kb3JcbGFyYXZlbFxmcmFtZXdvcmtcc3JjXEls
bHVtaW5hdGVcU3VwcG9ydFxUcmFpdHNcRm9yd2FyZHNDYWxscy5waHA6MjMKQzpc
VXNlcnNcY29ybmVcT25lRHJpdmVcRG9jdW1lbnRlblxHaXRIdWJcV0VCXDRTaG9w
XHZlbmRvclxsYXJhdmVsXGZyYW1ld29ya1xzcmNcSWxsdW1pbmF0ZVxEYXRhYmFz
ZVxFbG9xdWVudFxNb2RlbC5waHA6MjMzMApDOlxVc2Vyc1xjb3JuZVxPbmVEcml2
ZVxEb2N1bWVudGVuXEdpdEh1YlxXRUJcNFNob3BcdmVuZG9yXGxhcmF2ZWxcZnJh
bWV3b3JrXHNyY1xJbGx1bWluYXRlXERhdGFiYXNlXEVsb3F1ZW50XE1vZGVsLnBo
cDoyMzQyCkM6XFVzZXJzXGNvcm5lXE9uZURyaXZlXERvY3VtZW50ZW5cR2l0SHVi
XFdFQlw0U2hvcFx0ZXN0c1xGZWF0dXJlXFVzZXJTdG9yaWVzVGVzdC5waHA6NDcK
CkNhdXNlZCBieQpQRE9FeGNlcHRpb246IFNRTFNUQVRFW0hZMDAwXSBbMjAwMl0g
Tm8gY29ubmVjdGlvbiBjb3VsZCBiZSBtYWRlIGJlY2F1c2UgdGhlIHRhcmdldCBt
YWNoaW5lIGFjdGl2ZWx5IHJlZnVzZWQgaXQKCkM6XFVzZXJzXGNvcm5lXE9uZURy
aXZlXERvY3VtZW50ZW5cR2l0SHViXFdFQlw0U2hvcFx2ZW5kb3JcbGFyYXZlbFxm
cmFtZXdvcmtcc3JjXElsbHVtaW5hdGVcRGF0YWJhc2VcQ29ubmVjdG9yc1xDb25u
ZWN0b3IucGhwOjcwCkM6XFVzZXJzXGNvcm5lXE9uZURyaXZlXERvY3VtZW50ZW5c
R2l0SHViXFdFQlw0U2hvcFx2ZW5kb3JcbGFyYXZlbFxmcmFtZXdvcmtcc3JjXEls
bHVtaW5hdGVcRGF0YWJhc2VcQ29ubmVjdG9yc1xDb25uZWN0b3IucGhwOjQ2CkM6
XFVzZXJzXGNvcm5lXE9uZURyaXZlXERvY3VtZW50ZW5cR2l0SHViXFdFQlw0U2hv
cFx2ZW5kb3JcbGFyYXZlbFxmcmFtZXdvcmtcc3JjXElsbHVtaW5hdGVcRGF0YWJh
c2VcQ29ubmVjdG9yc1xNeVNxbENvbm5lY3Rvci5waHA6MjQKQzpcVXNlcnNcY29y
bmVcT25lRHJpdmVcRG9jdW1lbnRlblxHaXRIdWJcV0VCXDRTaG9wXHZlbmRvclxs
YXJhdmVsXGZyYW1ld29ya1xzcmNcSWxsdW1pbmF0ZVxEYXRhYmFzZVxDb25uZWN0
b3JzXENvbm5lY3Rpb25GYWN0b3J5LnBocDoxODQKQzpcVXNlcnNcY29ybmVcT25l
RHJpdmVcRG9jdW1lbnRlblxHaXRIdWJcV0VCXDRTaG9wXHZlbmRvclxsYXJhdmVs
XGZyYW1ld29ya1xzcmNcSWxsdW1pbmF0ZVxEYXRhYmFzZVxDb25uZWN0aW9uLnBo
cDoxMTgxCkM6XFVzZXJzXGNvcm5lXE9uZURyaXZlXERvY3VtZW50ZW5cR2l0SHVi
XFdFQlw0U2hvcFx2ZW5kb3JcbGFyYXZlbFxmcmFtZXdvcmtcc3JjXElsbHVtaW5h
dGVcRGF0YWJhc2VcQ29ubmVjdGlvbi5waHA6MTIxNwpDOlxVc2Vyc1xjb3JuZVxP
bmVEcml2ZVxEb2N1bWVudGVuXEdpdEh1YlxXRUJcNFNob3BcdmVuZG9yXGxhcmF2
ZWxcZnJhbWV3b3JrXHNyY1xJbGx1bWluYXRlXERhdGFiYXNlXENvbm5lY3Rpb24u
cGhwOjQ4NgpDOlxVc2Vyc1xjb3JuZVxPbmVEcml2ZVxEb2N1bWVudGVuXEdpdEh1
YlxXRUJcNFNob3BcdmVuZG9yXGxhcmF2ZWxcZnJhbWV3b3JrXHNyY1xJbGx1bWlu
YXRlXERhdGFiYXNlXENvbm5lY3Rpb24ucGhwOjQxNApDOlxVc2Vyc1xjb3JuZVxP
bmVEcml2ZVxEb2N1bWVudGVuXEdpdEh1YlxXRUJcNFNob3BcdmVuZG9yXGxhcmF2
ZWxcZnJhbWV3b3JrXHNyY1xJbGx1bWluYXRlXERhdGFiYXNlXENvbm5lY3Rpb24u
cGhwOjc1MwpDOlxVc2Vyc1xjb3JuZVxPbmVEcml2ZVxEb2N1bWVudGVuXEdpdEh1
YlxXRUJcNFNob3BcdmVuZG9yXGxhcmF2ZWxcZnJhbWV3b3JrXHNyY1xJbGx1bWlu
YXRlXERhdGFiYXNlXENvbm5lY3Rpb24ucGhwOjcyMApDOlxVc2Vyc1xjb3JuZVxP
bmVEcml2ZVxEb2N1bWVudGVuXEdpdEh1YlxXRUJcNFNob3BcdmVuZG9yXGxhcmF2
ZWxcZnJhbWV3b3JrXHNyY1xJbGx1bWluYXRlXERhdGFiYXNlXENvbm5lY3Rpb24u
cGhwOjQyMgpDOlxVc2Vyc1xjb3JuZVxPbmVEcml2ZVxEb2N1bWVudGVuXEdpdEh1
YlxXRUJcNFNob3BcdmVuZG9yXGxhcmF2ZWxcZnJhbWV3b3JrXHNyY1xJbGx1bWlu
YXRlXERhdGFiYXNlXFF1ZXJ5XEJ1aWxkZXIucGhwOjI3MDYKQzpcVXNlcnNcY29y
bmVcT25lRHJpdmVcRG9jdW1lbnRlblxHaXRIdWJcV0VCXDRTaG9wXHZlbmRvclxs
YXJhdmVsXGZyYW1ld29ya1xzcmNcSWxsdW1pbmF0ZVxEYXRhYmFzZVxRdWVyeVxC
dWlsZGVyLnBocDoyNjk0CkM6XFVzZXJzXGNvcm5lXE9uZURyaXZlXERvY3VtZW50
ZW5cR2l0SHViXFdFQlw0U2hvcFx2ZW5kb3JcbGFyYXZlbFxmcmFtZXdvcmtcc3Jj
XElsbHVtaW5hdGVcRGF0YWJhc2VcUXVlcnlcQnVpbGRlci5waHA6MzIzMApDOlxV
c2Vyc1xjb3JuZVxPbmVEcml2ZVxEb2N1bWVudGVuXEdpdEh1YlxXRUJcNFNob3Bc
dmVuZG9yXGxhcmF2ZWxcZnJhbWV3b3JrXHNyY1xJbGx1bWluYXRlXERhdGFiYXNl
XFF1ZXJ5XEJ1aWxkZXIucGhwOjI2OTUKQzpcVXNlcnNcY29ybmVcT25lRHJpdmVc
RG9jdW1lbnRlblxHaXRIdWJcV0VCXDRTaG9wXHZlbmRvclxsYXJhdmVsXGZyYW1l
d29ya1xzcmNcSWxsdW1pbmF0ZVxEYXRhYmFzZVxFbG9xdWVudFxCdWlsZGVyLnBo
cDo3MTAKQzpcVXNlcnNcY29ybmVcT25lRHJpdmVcRG9jdW1lbnRlblxHaXRIdWJc
V0VCXDRTaG9wXHZlbmRvclxsYXJhdmVsXGZyYW1ld29ya1xzcmNcSWxsdW1pbmF0
ZVxEYXRhYmFzZVxFbG9xdWVudFxCdWlsZGVyLnBocDo2OTQKQzpcVXNlcnNcY29y
bmVcT25lRHJpdmVcRG9jdW1lbnRlblxHaXRIdWJcV0VCXDRTaG9wXHZlbmRvclxs
YXJhdmVsXGZyYW1ld29ya1xzcmNcSWxsdW1pbmF0ZVxEYXRhYmFzZVxDb25jZXJu
c1xCdWlsZHNRdWVyaWVzLnBocDoyOTYKQzpcVXNlcnNcY29ybmVcT25lRHJpdmVc
RG9jdW1lbnRlblxHaXRIdWJcV0VCXDRTaG9wXHZlbmRvclxsYXJhdmVsXGZyYW1l
d29ya1xzcmNcSWxsdW1pbmF0ZVxTdXBwb3J0XFRyYWl0c1xGb3J3YXJkc0NhbGxz
LnBocDoyMwpDOlxVc2Vyc1xjb3JuZVxPbmVEcml2ZVxEb2N1bWVudGVuXEdpdEh1
YlxXRUJcNFNob3BcdmVuZG9yXGxhcmF2ZWxcZnJhbWV3b3JrXHNyY1xJbGx1bWlu
YXRlXERhdGFiYXNlXEVsb3F1ZW50XE1vZGVsLnBocDoyMzMwCkM6XFVzZXJzXGNv
cm5lXE9uZURyaXZlXERvY3VtZW50ZW5cR2l0SHViXFdFQlw0U2hvcFx2ZW5kb3Jc
bGFyYXZlbFxmcmFtZXdvcmtcc3JjXElsbHVtaW5hdGVcRGF0YWJhc2VcRWxvcXVl
bnRcTW9kZWwucGhwOjIzNDIKQzpcVXNlcnNcY29ybmVcT25lRHJpdmVcRG9jdW1l
bnRlblxHaXRIdWJcV0VCXDRTaG9wXHRlc3RzXEZlYXR1cmVcVXNlclN0b3JpZXNU
ZXN0LnBocDo0NwoKNSkgVGVzdHNcRmVhdHVyZVxVc2VyU3Rvcmllc1Rlc3Q6OnRl
c3RfUkVRN19PcmRlclN0YXR1c0NoYW5nZXMKSWxsdW1pbmF0ZVxEYXRhYmFzZVxR
dWVyeUV4Y2VwdGlvbjogU1FMU1RBVEVbSFkwMDBdIFsyMDAyXSBObyBjb25uZWN0
aW9uIGNvdWxkIGJlIG1hZGUgYmVjYXVzZSB0aGUgdGFyZ2V0IG1hY2hpbmUgYWN0
aXZlbHkgcmVmdXNlZCBpdCAoU1FMOiBzZWxlY3QgKiBmcm9tIGBvcmRlcnNgIGxp
bWl0IDEpCgpDOlxVc2Vyc1xjb3JuZVxPbmVEcml2ZVxEb2N1bWVudGVuXEdpdEh1
YlxXRUJcNFNob3BcdmVuZG9yXGxhcmF2ZWxcZnJhbWV3b3JrXHNyY1xJbGx1bWlu
YXRlXERhdGFiYXNlXENvbm5lY3Rpb24ucGhwOjc2MApDOlxVc2Vyc1xjb3JuZVxP
bmVEcml2ZVxEb2N1bWVudGVuXEdpdEh1YlxXRUJcNFNob3BcdmVuZG9yXGxhcmF2
ZWxcZnJhbWV3b3JrXHNyY1xJbGx1bWluYXRlXERhdGFiYXNlXENvbm5lY3Rpb24u
cGhwOjcyMApDOlxVc2Vyc1xjb3JuZVxPbmVEcml2ZVxEb2N1bWVudGVuXEdpdEh1
YlxXRUJcNFNob3BcdmVuZG9yXGxhcmF2ZWxcZnJhbWV3b3JrXHNyY1xJbGx1bWlu
YXRlXERhdGFiYXNlXENvbm5lY3Rpb24ucGhwOjQyMgpDOlxVc2Vyc1xjb3JuZVxP
bmVEcml2ZVxEb2N1bWVudGVuXEdpdEh1YlxXRUJcNFNob3BcdmVuZG9yXGxhcmF2
ZWxcZnJhbWV3b3JrXHNyY1xJbGx1bWluYXRlXERhdGFiYXNlXFF1ZXJ5XEJ1aWxk
ZXIucGhwOjI3MDYKQzpcVXNlcnNcY29ybmVcT25lRHJpdmVcRG9jdW1lbnRlblxH
aXRIdWJcV0VCXDRTaG9wXHZlbmRvclxsYXJhdmVsXGZyYW1ld29ya1xzcmNcSWxs
dW1pbmF0ZVxEYXRhYmFzZVxRdWVyeVxCdWlsZGVyLnBocDoyNjk0CkM6XFVzZXJz
XGNvcm5lXE9uZURyaXZlXERvY3VtZW50ZW5cR2l0SHViXFdFQlw0U2hvcFx2ZW5k
b3JcbGFyYXZlbFxmcmFtZXdvcmtcc3JjXElsbHVtaW5hdGVcRGF0YWJhc2VcUXVl
cnlcQnVpbGRlci5waHA6MzIzMApDOlxVc2Vyc1xjb3JuZVxPbmVEcml2ZVxEb2N1
bWVudGVuXEdpdEh1YlxXRUJcNFNob3BcdmVuZG9yXGxhcmF2ZWxcZnJhbWV3b3Jr
XHNyY1xJbGx1bWluYXRlXERhdGFiYXNlXFF1ZXJ5XEJ1aWxkZXIucGhwOjI2OTUK
QzpcVXNlcnNcY29ybmVcT25lRHJpdmVcRG9jdW1lbnRlblxHaXRIdWJcV0VCXDRT
aG9wXHZlbmRvclxsYXJhdmVsXGZyYW1ld29ya1xzcmNcSWxsdW1pbmF0ZVxEYXRh
YmFzZVxFbG9xdWVudFxCdWlsZGVyLnBocDo3MTAKQzpcVXNlcnNcY29ybmVcT25l
RHJpdmVcRG9jdW1lbnRlblxHaXRIdWJcV0VCXDRTaG9wXHZlbmRvclxsYXJhdmVs
XGZyYW1ld29ya1xzcmNcSWxsdW1pbmF0ZVxEYXRhYmFzZVxFbG9xdWVudFxCdWls
ZGVyLnBocDo2OTQKQzpcVXNlcnNcY29ybmVcT25lRHJpdmVcRG9jdW1lbnRlblxH
aXRIdWJcV0VCXDRTaG9wXHZlbmRvclxsYXJhdmVsXGZyYW1ld29ya1xzcmNcSWxs
dW1pbmF0ZVxEYXRhYmFzZVxDb25jZXJuc1xCdWlsZHNRdWVyaWVzLnBocDoyOTYK
QzpcVXNlcnNcY29ybmVcT25lRHJpdmVcRG9jdW1lbnRlblxHaXRIdWJcV0VCXDRT
aG9wXHZlbmRvclxsYXJhdmVsXGZyYW1ld29ya1xzcmNcSWxsdW1pbmF0ZVxTdXBw
b3J0XFRyYWl0c1xGb3J3YXJkc0NhbGxzLnBocDoyMwpDOlxVc2Vyc1xjb3JuZVxP
bmVEcml2ZVxEb2N1bWVudGVuXEdpdEh1YlxXRUJcNFNob3BcdmVuZG9yXGxhcmF2
ZWxcZnJhbWV3b3JrXHNyY1xJbGx1bWluYXRlXERhdGFiYXNlXEVsb3F1ZW50XE1v
ZGVsLnBocDoyMzMwCkM6XFVzZXJzXGNvcm5lXE9uZURyaXZlXERvY3VtZW50ZW5c
R2l0SHViXFdFQlw0U2hvcFx2ZW5kb3JcbGFyYXZlbFxmcmFtZXdvcmtcc3JjXEls
bHVtaW5hdGVcRGF0YWJhc2VcRWxvcXVlbnRcTW9kZWwucGhwOjIzNDIKQzpcVXNl
cnNcY29ybmVcT25lRHJpdmVcRG9jdW1lbnRlblxHaXRIdWJcV0VCXDRTaG9wXHRl
c3RzXEZlYXR1cmVcVXNlclN0b3JpZXNUZXN0LnBocDo1MwoKQ2F1c2VkIGJ5ClBE
T0V4Y2VwdGlvbjogU1FMU1RBVEVbSFkwMDBdIFsyMDAyXSBObyBjb25uZWN0aW9u
IGNvdWxkIGJlIG1hZGUgYmVjYXVzZSB0aGUgdGFyZ2V0IG1hY2hpbmUgYWN0aXZl
bHkgcmVmdXNlZCBpdAoKQzpcVXNlcnNcY29ybmVcT25lRHJpdmVcRG9jdW1lbnRl
blxHaXRIdWJcV0VCXDRTaG9wXHZlbmRvclxsYXJhdmVsXGZyYW1ld29ya1xzcmNc
SWxsdW1pbmF0ZVxEYXRhYmFzZVxDb25uZWN0b3JzXENvbm5lY3Rvci5waHA6NzAK
QzpcVXNlcnNcY29ybmVcT25lRHJpdmVcRG9jdW1lbnRlblxHaXRIdWJcV0VCXDRT
aG9wXHZlbmRvclxsYXJhdmVsXGZyYW1ld29ya1xzcmNcSWxsdW1pbmF0ZVxEYXRh
YmFzZVxDb25uZWN0b3JzXENvbm5lY3Rvci5waHA6NDYKQzpcVXNlcnNcY29ybmVc
T25lRHJpdmVcRG9jdW1lbnRlblxHaXRIdWJcV0VCXDRTaG9wXHZlbmRvclxsYXJh
dmVsXGZyYW1ld29ya1xzcmNcSWxsdW1pbmF0ZVxEYXRhYmFzZVxDb25uZWN0b3Jz
XE15U3FsQ29ubmVjdG9yLnBocDoyNApDOlxVc2Vyc1xjb3JuZVxPbmVEcml2ZVxE
b2N1bWVudGVuXEdpdEh1YlxXRUJcNFNob3BcdmVuZG9yXGxhcmF2ZWxcZnJhbWV3
b3JrXHNyY1xJbGx1bWluYXRlXERhdGFiYXNlXENvbm5lY3RvcnNcQ29ubmVjdGlv
bkZhY3RvcnkucGhwOjE4NApDOlxVc2Vyc1xjb3JuZVxPbmVEcml2ZVxEb2N1bWVu
dGVuXEdpdEh1YlxXRUJcNFNob3BcdmVuZG9yXGxhcmF2ZWxcZnJhbWV3b3JrXHNy
Y1xJbGx1bWluYXRlXERhdGFiYXNlXENvbm5lY3Rpb24ucGhwOjExODEKQzpcVXNl
cnNcY29ybmVcT25lRHJpdmVcRG9jdW1lbnRlblxHaXRIdWJcV0VCXDRTaG9wXHZl
bmRvclxsYXJhdmVsXGZyYW1ld29ya1xzcmNcSWxsdW1pbmF0ZVxEYXRhYmFzZVxD
b25uZWN0aW9uLnBocDoxMjE3CkM6XFVzZXJzXGNvcm5lXE9uZURyaXZlXERvY3Vt
ZW50ZW5cR2l0SHViXFdFQlw0U2hvcFx2ZW5kb3JcbGFyYXZlbFxmcmFtZXdvcmtc
c3JjXElsbHVtaW5hdGVcRGF0YWJhc2VcQ29ubmVjdGlvbi5waHA6NDg2CkM6XFVz
ZXJzXGNvcm5lXE9uZURyaXZlXERvY3VtZW50ZW5cR2l0SHViXFdFQlw0U2hvcFx2
ZW5kb3JcbGFyYXZlbFxmcmFtZXdvcmtcc3JjXElsbHVtaW5hdGVcRGF0YWJhc2Vc
Q29ubmVjdGlvbi5waHA6NDE0CkM6XFVzZXJzXGNvcm5lXE9uZURyaXZlXERvY3Vt
ZW50ZW5cR2l0SHViXFdFQlw0U2hvcFx2ZW5kb3JcbGFyYXZlbFxmcmFtZXdvcmtc
c3JjXElsbHVtaW5hdGVcRGF0YWJhc2VcQ29ubmVjdGlvbi5waHA6NzUzCkM6XFVz
ZXJzXGNvcm5lXE9uZURyaXZlXERvY3VtZW50ZW5cR2l0SHViXFdFQlw0U2hvcFx2
ZW5kb3JcbGFyYXZlbFxmcmFtZXdvcmtcc3JjXElsbHVtaW5hdGVcRGF0YWJhc2Vc
Q29ubmVjdGlvbi5waHA6NzIwCkM6XFVzZXJzXGNvcm5lXE9uZURyaXZlXERvY3Vt
ZW50ZW5cR2l0SHViXFdFQlw0U2hvcFx2ZW5kb3JcbGFyYXZlbFxmcmFtZXdvcmtc
c3JjXElsbHVtaW5hdGVcRGF0YWJhc2VcQ29ubmVjdGlvbi5waHA6NDIyCkM6XFVz
ZXJzXGNvcm5lXE9uZURyaXZlXERvY3VtZW50ZW5cR2l0SHViXFdFQlw0U2hvcFx2
ZW5kb3JcbGFyYXZlbFxmcmFtZXdvcmtcc3JjXElsbHVtaW5hdGVcRGF0YWJhc2Vc
UXVlcnlcQnVpbGRlci5waHA6MjcwNgpDOlxVc2Vyc1xjb3JuZVxPbmVEcml2ZVxE
b2N1bWVudGVuXEdpdEh1YlxXRUJcNFNob3BcdmVuZG9yXGxhcmF2ZWxcZnJhbWV3
b3JrXHNyY1xJbGx1bWluYXRlXERhdGFiYXNlXFF1ZXJ5XEJ1aWxkZXIucGhwOjI2
OTQKQzpcVXNlcnNcY29ybmVcT25lRHJpdmVcRG9jdW1lbnRlblxHaXRIdWJcV0VC
XDRTaG9wXHZlbmRvclxsYXJhdmVsXGZyYW1ld29ya1xzcmNcSWxsdW1pbmF0ZVxE
YXRhYmFzZVxRdWVyeVxCdWlsZGVyLnBocDozMjMwCkM6XFVzZXJzXGNvcm5lXE9u
ZURyaXZlXERvY3VtZW50ZW5cR2l0SHViXFdFQlw0U2hvcFx2ZW5kb3JcbGFyYXZl
bFxmcmFtZXdvcmtcc3JjXElsbHVtaW5hdGVcRGF0YWJhc2VcUXVlcnlcQnVpbGRl
ci5waHA6MjY5NQpDOlxVc2Vyc1xjb3JuZVxPbmVEcml2ZVxEb2N1bWVudGVuXEdp
dEh1YlxXRUJcNFNob3BcdmVuZG9yXGxhcmF2ZWxcZnJhbWV3b3JrXHNyY1xJbGx1
bWluYXRlXERhdGFiYXNlXEVsb3F1ZW50XEJ1aWxkZXIucGhwOjcxMApDOlxVc2Vy
c1xjb3JuZVxPbmVEcml2ZVxEb2N1bWVudGVuXEdpdEh1YlxXRUJcNFNob3BcdmVu
ZG9yXGxhcmF2ZWxcZnJhbWV3b3JrXHNyY1xJbGx1bWluYXRlXERhdGFiYXNlXEVs
b3F1ZW50XEJ1aWxkZXIucGhwOjY5NApDOlxVc2Vyc1xjb3JuZVxPbmVEcml2ZVxE
b2N1bWVudGVuXEdpdEh1YlxXRUJcNFNob3BcdmVuZG9yXGxhcmF2ZWxcZnJhbWV3
b3JrXHNyY1xJbGx1bWluYXRlXERhdGFiYXNlXENvbmNlcm5zXEJ1aWxkc1F1ZXJp
ZXMucGhwOjI5NgpDOlxVc2Vyc1xjb3JuZVxPbmVEcml2ZVxEb2N1bWVudGVuXEdp
dEh1YlxXRUJcNFNob3BcdmVuZG9yXGxhcmF2ZWxcZnJhbWV3b3JrXHNyY1xJbGx1
bWluYXRlXFN1cHBvcnRcVHJhaXRzXEZvcndhcmRzQ2FsbHMucGhwOjIzCkM6XFVz
ZXJzXGNvcm5lXE9uZURyaXZlXERvY3VtZW50ZW5cR2l0SHViXFdFQlw0U2hvcFx2
ZW5kb3JcbGFyYXZlbFxmcmFtZXdvcmtcc3JjXElsbHVtaW5hdGVcRGF0YWJhc2Vc
RWxvcXVlbnRcTW9kZWwucGhwOjIzMzAKQzpcVXNlcnNcY29ybmVcT25lRHJpdmVc
RG9jdW1lbnRlblxHaXRIdWJcV0VCXDRTaG9wXHZlbmRvclxsYXJhdmVsXGZyYW1l
d29ya1xzcmNcSWxsdW1pbmF0ZVxEYXRhYmFzZVxFbG9xdWVudFxNb2RlbC5waHA6
MjM0MgpDOlxVc2Vyc1xjb3JuZVxPbmVEcml2ZVxEb2N1bWVudGVuXEdpdEh1YlxX
RUJcNFNob3BcdGVzdHNcRmVhdHVyZVxVc2VyU3Rvcmllc1Rlc3QucGhwOjUzCgo2
KSBUZXN0c1xGZWF0dXJlXFVzZXJTdG9yaWVzVGVzdDo6dGVzdF9SRVE5X1Byb2R1
Y3RFZGl0SGFzRGlzY291bnQKSWxsdW1pbmF0ZVxEYXRhYmFzZVxRdWVyeUV4Y2Vw
dGlvbjogU1FMU1RBVEVbSFkwMDBdIFsyMDAyXSBObyBjb25uZWN0aW9uIGNvdWxk
IGJlIG1hZGUgYmVjYXVzZSB0aGUgdGFyZ2V0IG1hY2hpbmUgYWN0aXZlbHkgcmVm
dXNlZCBpdCAoU1FMOiBzZWxlY3QgKiBmcm9tIGBwcm9kdWN0c2Agd2hlcmUgYGRp
c2NvdW50YCA+IDAgbGltaXQgMSkKCkM6XFVzZXJzXGNvcm5lXE9uZURyaXZlXERv
Y3VtZW50ZW5cR2l0SHViXFdFQlw0U2hvcFx2ZW5kb3JcbGFyYXZlbFxmcmFtZXdv
cmtcc3JjXElsbHVtaW5hdGVcRGF0YWJhc2VcQ29ubmVjdGlvbi5waHA6NzYwCkM6
XFVzZXJzXGNvcm5lXE9uZURyaXZlXERvY3VtZW50ZW5cR2l0SHViXFdFQlw0U2hv
cFx2ZW5kb3JcbGFyYXZlbFxmcmFtZXdvcmtcc3JjXElsbHVtaW5hdGVcRGF0YWJh
c2VcQ29ubmVjdGlvbi5waHA6NzIwCkM6XFVzZXJzXGNvcm5lXE9uZURyaXZlXERv
Y3VtZW50ZW5cR2l0SHViXFdFQlw0U2hvcFx2ZW5kb3JcbGFyYXZlbFxmcmFtZXdv
cmtcc3JjXElsbHVtaW5hdGVcRGF0YWJhc2VcQ29ubmVjdGlvbi5waHA6NDIyCkM6
XFVzZXJzXGNvcm5lXE9uZURyaXZlXERvY3VtZW50ZW5cR2l0SHViXFdFQlw0U2hv
cFx2ZW5kb3JcbGFyYXZlbFxmcmFtZXdvcmtcc3JjXElsbHVtaW5hdGVcRGF0YWJh
c2VcUXVlcnlcQnVpbGRlci5waHA6MjcwNgpDOlxVc2Vyc1xjb3JuZVxPbmVEcml2
ZVxEb2N1bWVudGVuXEdpdEh1YlxXRUJcNFNob3BcdmVuZG9yXGxhcmF2ZWxcZnJh
bWV3b3JrXHNyY1xJbGx1bWluYXRlXERhdGFiYXNlXFF1ZXJ5XEJ1aWxkZXIucGhw
OjI2OTQKQzpcVXNlcnNcY29ybmVcT25lRHJpdmVcRG9jdW1lbnRlblxHaXRIdWJc
V0VCXDRTaG9wXHZlbmRvclxsYXJhdmVsXGZyYW1ld29ya1xzcmNcSWxsdW1pbmF0
ZVxEYXRhYmFzZVxRdWVyeVxCdWlsZGVyLnBocDozMjMwCkM6XFVzZXJzXGNvcm5l
XE9uZURyaXZlXERvY3VtZW50ZW5cR2l0SHViXFdFQlw0U2hvcFx2ZW5kb3JcbGFy
YXZlbFxmcmFtZXdvcmtcc3JjXElsbHVtaW5hdGVcRGF0YWJhc2VcUXVlcnlcQnVp
bGRlci5waHA6MjY5NQpDOlxVc2Vyc1xjb3JuZVxPbmVEcml2ZVxEb2N1bWVudGVu
XEdpdEh1YlxXRUJcNFNob3BcdmVuZG9yXGxhcmF2ZWxcZnJhbWV3b3JrXHNyY1xJ
bGx1bWluYXRlXERhdGFiYXNlXEVsb3F1ZW50XEJ1aWxkZXIucGhwOjcxMApDOlxV
c2Vyc1xjb3JuZVxPbmVEcml2ZVxEb2N1bWVudGVuXEdpdEh1YlxXRUJcNFNob3Bc
dmVuZG9yXGxhcmF2ZWxcZnJhbWV3b3JrXHNyY1xJbGx1bWluYXRlXERhdGFiYXNl
XEVsb3F1ZW50XEJ1aWxkZXIucGhwOjY5NApDOlxVc2Vyc1xjb3JuZVxPbmVEcml2
ZVxEb2N1bWVudGVuXEdpdEh1YlxXRUJcNFNob3BcdmVuZG9yXGxhcmF2ZWxcZnJh
bWV3b3JrXHNyY1xJbGx1bWluYXRlXERhdGFiYXNlXENvbmNlcm5zXEJ1aWxkc1F1
ZXJpZXMucGhwOjI5NgpDOlxVc2Vyc1xjb3JuZVxPbmVEcml2ZVxEb2N1bWVudGVu
XEdpdEh1YlxXRUJcNFNob3BcdGVzdHNcRmVhdHVyZVxVc2VyU3Rvcmllc1Rlc3Qu
cGhwOjY0CgpDYXVzZWQgYnkKUERPRXhjZXB0aW9uOiBTUUxTVEFURVtIWTAwMF0g
WzIwMDJdIE5vIGNvbm5lY3Rpb24gY291bGQgYmUgbWFkZSBiZWNhdXNlIHRoZSB0
YXJnZXQgbWFjaGluZSBhY3RpdmVseSByZWZ1c2VkIGl0CgpDOlxVc2Vyc1xjb3Ju
ZVxPbmVEcml2ZVxEb2N1bWVudGVuXEdpdEh1YlxXRUJcNFNob3BcdmVuZG9yXGxh
cmF2ZWxcZnJhbWV3b3JrXHNyY1xJbGx1bWluYXRlXERhdGFiYXNlXENvbm5lY3Rv
cnNcQ29ubmVjdG9yLnBocDo3MApDOlxVc2Vyc1xjb3JuZVxPbmVEcml2ZVxEb2N1
bWVudGVuXEdpdEh1YlxXRUJcNFNob3BcdmVuZG9yXGxhcmF2ZWxcZnJhbWV3b3Jr
XHNyY1xJbGx1bWluYXRlXERhdGFiYXNlXENvbm5lY3RvcnNcQ29ubmVjdG9yLnBo
cDo0NgpDOlxVc2Vyc1xjb3JuZVxPbmVEcml2ZVxEb2N1bWVudGVuXEdpdEh1YlxX
RUJcNFNob3BcdmVuZG9yXGxhcmF2ZWxcZnJhbWV3b3JrXHNyY1xJbGx1bWluYXRl
XERhdGFiYXNlXENvbm5lY3RvcnNcTXlTcWxDb25uZWN0b3IucGhwOjI0CkM6XFVz
ZXJzXGNvcm5lXE9uZURyaXZlXERvY3VtZW50ZW5cR2l0SHViXFdFQlw0U2hvcFx2
ZW5kb3JcbGFyYXZlbFxmcmFtZXdvcmtcc3JjXElsbHVtaW5hdGVcRGF0YWJhc2Vc
Q29ubmVjdG9yc1xDb25uZWN0aW9uRmFjdG9yeS5waHA6MTg0CkM6XFVzZXJzXGNv
cm5lXE9uZURyaXZlXERvY3VtZW50ZW5cR2l0SHViXFdFQlw0U2hvcFx2ZW5kb3Jc
bGFyYXZlbFxmcmFtZXdvcmtcc3JjXElsbHVtaW5hdGVcRGF0YWJhc2VcQ29ubmVj
dGlvbi5waHA6MTE4MQpDOlxVc2Vyc1xjb3JuZVxPbmVEcml2ZVxEb2N1bWVudGVu
XEdpdEh1YlxXRUJcNFNob3BcdmVuZG9yXGxhcmF2ZWxcZnJhbWV3b3JrXHNyY1xJ
bGx1bWluYXRlXERhdGFiYXNlXENvbm5lY3Rpb24ucGhwOjEyMTcKQzpcVXNlcnNc
Y29ybmVcT25lRHJpdmVcRG9jdW1lbnRlblxHaXRIdWJcV0VCXDRTaG9wXHZlbmRv
clxsYXJhdmVsXGZyYW1ld29ya1xzcmNcSWxsdW1pbmF0ZVxEYXRhYmFzZVxDb25u
ZWN0aW9uLnBocDo0ODYKQzpcVXNlcnNcY29ybmVcT25lRHJpdmVcRG9jdW1lbnRl
blxHaXRIdWJcV0VCXDRTaG9wXHZlbmRvclxsYXJhdmVsXGZyYW1ld29ya1xzcmNc
SWxsdW1pbmF0ZVxEYXRhYmFzZVxDb25uZWN0aW9uLnBocDo0MTQKQzpcVXNlcnNc
Y29ybmVcT25lRHJpdmVcRG9jdW1lbnRlblxHaXRIdWJcV0VCXDRTaG9wXHZlbmRv
clxsYXJhdmVsXGZyYW1ld29ya1xzcmNcSWxsdW1pbmF0ZVxEYXRhYmFzZVxDb25u
ZWN0aW9uLnBocDo3NTMKQzpcVXNlcnNcY29ybmVcT25lRHJpdmVcRG9jdW1lbnRl
blxHaXRIdWJcV0VCXDRTaG9wXHZlbmRvclxsYXJhdmVsXGZyYW1ld29ya1xzcmNc
SWxsdW1pbmF0ZVxEYXRhYmFzZVxDb25uZWN0aW9uLnBocDo3MjAKQzpcVXNlcnNc
Y29ybmVcT25lRHJpdmVcRG9jdW1lbnRlblxHaXRIdWJcV0VCXDRTaG9wXHZlbmRv
clxsYXJhdmVsXGZyYW1ld29ya1xzcmNcSWxsdW1pbmF0ZVxEYXRhYmFzZVxDb25u
ZWN0aW9uLnBocDo0MjIKQzpcVXNlcnNcY29ybmVcT25lRHJpdmVcRG9jdW1lbnRl
blxHaXRIdWJcV0VCXDRTaG9wXHZlbmRvclxsYXJhdmVsXGZyYW1ld29ya1xzcmNc
SWxsdW1pbmF0ZVxEYXRhYmFzZVxRdWVyeVxCdWlsZGVyLnBocDoyNzA2CkM6XFVz
ZXJzXGNvcm5lXE9uZURyaXZlXERvY3VtZW50ZW5cR2l0SHViXFdFQlw0U2hvcFx2
ZW5kb3JcbGFyYXZlbFxmcmFtZXdvcmtcc3JjXElsbHVtaW5hdGVcRGF0YWJhc2Vc
UXVlcnlcQnVpbGRlci5waHA6MjY5NApDOlxVc2Vyc1xjb3JuZVxPbmVEcml2ZVxE
b2N1bWVudGVuXEdpdEh1YlxXRUJcNFNob3BcdmVuZG9yXGxhcmF2ZWxcZnJhbWV3
b3JrXHNyY1xJbGx1bWluYXRlXERhdGFiYXNlXFF1ZXJ5XEJ1aWxkZXIucGhwOjMy
MzAKQzpcVXNlcnNcY29ybmVcT25lRHJpdmVcRG9jdW1lbnRlblxHaXRIdWJcV0VC
XDRTaG9wXHZlbmRvclxsYXJhdmVsXGZyYW1ld29ya1xzcmNcSWxsdW1pbmF0ZVxE
YXRhYmFzZVxRdWVyeVxCdWlsZGVyLnBocDoyNjk1CkM6XFVzZXJzXGNvcm5lXE9u
ZURyaXZlXERvY3VtZW50ZW5cR2l0SHViXFdFQlw0U2hvcFx2ZW5kb3JcbGFyYXZl
bFxmcmFtZXdvcmtcc3JjXElsbHVtaW5hdGVcRGF0YWJhc2VcRWxvcXVlbnRcQnVp
bGRlci5waHA6NzEwCkM6XFVzZXJzXGNvcm5lXE9uZURyaXZlXERvY3VtZW50ZW5c
R2l0SHViXFdFQlw0U2hvcFx2ZW5kb3JcbGFyYXZlbFxmcmFtZXdvcmtcc3JjXEls
bHVtaW5hdGVcRGF0YWJhc2VcRWxvcXVlbnRcQnVpbGRlci5waHA6Njk0CkM6XFVz
ZXJzXGNvcm5lXE9uZURyaXZlXERvY3VtZW50ZW5cR2l0SHViXFdFQlw0U2hvcFx2
ZW5kb3JcbGFyYXZlbFxmcmFtZXdvcmtcc3JjXElsbHVtaW5hdGVcRGF0YWJhc2Vc
Q29uY2VybnNcQnVpbGRzUXVlcmllcy5waHA6Mjk2CkM6XFVzZXJzXGNvcm5lXE9u
ZURyaXZlXERvY3VtZW50ZW5cR2l0SHViXFdFQlw0U2hvcFx0ZXN0c1xGZWF0dXJl
XFVzZXJTdG9yaWVzVGVzdC5waHA6NjQKCjcpIFRlc3RzXEZlYXR1cmVcVXNlclN0
b3JpZXNUZXN0Ojp0ZXN0X1JFUTEwX1Byb2R1Y3RFZGl0Q29udGFpbnNDYXRlZ29y
eQpJbGx1bWluYXRlXERhdGFiYXNlXFF1ZXJ5RXhjZXB0aW9uOiBTUUxTVEFURVtI
WTAwMF0gWzIwMDJdIE5vIGNvbm5lY3Rpb24gY291bGQgYmUgbWFkZSBiZWNhdXNl
IHRoZSB0YXJnZXQgbWFjaGluZSBhY3RpdmVseSByZWZ1c2VkIGl0IChTUUw6IHNl
bGVjdCAqIGZyb20gYHByb2R1Y3RzYCBsaW1pdCAxKQoKQzpcVXNlcnNcY29ybmVc
T25lRHJpdmVcRG9jdW1lbnRlblxHaXRIdWJcV0VCXDRTaG9wXHZlbmRvclxsYXJh
dmVsXGZyYW1ld29ya1xzcmNcSWxsdW1pbmF0ZVxEYXRhYmFzZVxDb25uZWN0aW9u
LnBocDo3NjAKQzpcVXNlcnNcY29ybmVcT25lRHJpdmVcRG9jdW1lbnRlblxHaXRI
dWJcV0VCXDRTaG9wXHZlbmRvclxsYXJhdmVsXGZyYW1ld29ya1xzcmNcSWxsdW1p
bmF0ZVxEYXRhYmFzZVxDb25uZWN0aW9uLnBocDo3MjAKQzpcVXNlcnNcY29ybmVc
T25lRHJpdmVcRG9jdW1lbnRlblxHaXRIdWJcV0VCXDRTaG9wXHZlbmRvclxsYXJh
dmVsXGZyYW1ld29ya1xzcmNcSWxsdW1pbmF0ZVxEYXRhYmFzZVxDb25uZWN0aW9u
LnBocDo0MjIKQzpcVXNlcnNcY29ybmVcT25lRHJpdmVcRG9jdW1lbnRlblxHaXRI
dWJcV0VCXDRTaG9wXHZlbmRvclxsYXJhdmVsXGZyYW1ld29ya1xzcmNcSWxsdW1p
bmF0ZVxEYXRhYmFzZVxRdWVyeVxCdWlsZGVyLnBocDoyNzA2CkM6XFVzZXJzXGNv
cm5lXE9uZURyaXZlXERvY3VtZW50ZW5cR2l0SHViXFdFQlw0U2hvcFx2ZW5kb3Jc
bGFyYXZlbFxmcmFtZXdvcmtcc3JjXElsbHVtaW5hdGVcRGF0YWJhc2VcUXVlcnlc
QnVpbGRlci5waHA6MjY5NApDOlxVc2Vyc1xjb3JuZVxPbmVEcml2ZVxEb2N1bWVu
dGVuXEdpdEh1YlxXRUJcNFNob3BcdmVuZG9yXGxhcmF2ZWxcZnJhbWV3b3JrXHNy
Y1xJbGx1bWluYXRlXERhdGFiYXNlXFF1ZXJ5XEJ1aWxkZXIucGhwOjMyMzAKQzpc
VXNlcnNcY29ybmVcT25lRHJpdmVcRG9jdW1lbnRlblxHaXRIdWJcV0VCXDRTaG9w
XHZlbmRvclxsYXJhdmVsXGZyYW1ld29ya1xzcmNcSWxsdW1pbmF0ZVxEYXRhYmFz
ZVxRdWVyeVxCdWlsZGVyLnBocDoyNjk1CkM6XFVzZXJzXGNvcm5lXE9uZURyaXZl
XERvY3VtZW50ZW5cR2l0SHViXFdFQlw0U2hvcFx2ZW5kb3JcbGFyYXZlbFxmcmFt
ZXdvcmtcc3JjXElsbHVtaW5hdGVcRGF0YWJhc2VcRWxvcXVlbnRcQnVpbGRlci5w
aHA6NzEwCkM6XFVzZXJzXGNvcm5lXE9uZURyaXZlXERvY3VtZW50ZW5cR2l0SHVi
XFdFQlw0U2hvcFx2ZW5kb3JcbGFyYXZlbFxmcmFtZXdvcmtcc3JjXElsbHVtaW5h
dGVcRGF0YWJhc2VcRWxvcXVlbnRcQnVpbGRlci5waHA6Njk0CkM6XFVzZXJzXGNv
cm5lXE9uZURyaXZlXERvY3VtZW50ZW5cR2l0SHViXFdFQlw0U2hvcFx2ZW5kb3Jc
bGFyYXZlbFxmcmFtZXdvcmtcc3JjXElsbHVtaW5hdGVcRGF0YWJhc2VcQ29uY2Vy
bnNcQnVpbGRzUXVlcmllcy5waHA6Mjk2CkM6XFVzZXJzXGNvcm5lXE9uZURyaXZl
XERvY3VtZW50ZW5cR2l0SHViXFdFQlw0U2hvcFx2ZW5kb3JcbGFyYXZlbFxmcmFt
ZXdvcmtcc3JjXElsbHVtaW5hdGVcU3VwcG9ydFxUcmFpdHNcRm9yd2FyZHNDYWxs
cy5waHA6MjMKQzpcVXNlcnNcY29ybmVcT25lRHJpdmVcRG9jdW1lbnRlblxHaXRI
dWJcV0VCXDRTaG9wXHZlbmRvclxsYXJhdmVsXGZyYW1ld29ya1xzcmNcSWxsdW1p
bmF0ZVxEYXRhYmFzZVxFbG9xdWVudFxNb2RlbC5waHA6MjMzMApDOlxVc2Vyc1xj
b3JuZVxPbmVEcml2ZVxEb2N1bWVudGVuXEdpdEh1YlxXRUJcNFNob3BcdmVuZG9y
XGxhcmF2ZWxcZnJhbWV3b3JrXHNyY1xJbGx1bWluYXRlXERhdGFiYXNlXEVsb3F1
ZW50XE1vZGVsLnBocDoyMzQyCkM6XFVzZXJzXGNvcm5lXE9uZURyaXZlXERvY3Vt
ZW50ZW5cR2l0SHViXFdFQlw0U2hvcFx0ZXN0c1xGZWF0dXJlXFVzZXJTdG9yaWVz
VGVzdC5waHA6NzYKCkNhdXNlZCBieQpQRE9FeGNlcHRpb246IFNRTFNUQVRFW0hZ
MDAwXSBbMjAwMl0gTm8gY29ubmVjdGlvbiBjb3VsZCBiZSBtYWRlIGJlY2F1c2Ug
dGhlIHRhcmdldCBtYWNoaW5lIGFjdGl2ZWx5IHJlZnVzZWQgaXQKCkM6XFVzZXJz
XGNvcm5lXE9uZURyaXZlXERvY3VtZW50ZW5cR2l0SHViXFdFQlw0U2hvcFx2ZW5k
b3JcbGFyYXZlbFxmcmFtZXdvcmtcc3JjXElsbHVtaW5hdGVcRGF0YWJhc2VcQ29u
bmVjdG9yc1xDb25uZWN0b3IucGhwOjcwCkM6XFVzZXJzXGNvcm5lXE9uZURyaXZl
XERvY3VtZW50ZW5cR2l0SHViXFdFQlw0U2hvcFx2ZW5kb3JcbGFyYXZlbFxmcmFt
ZXdvcmtcc3JjXElsbHVtaW5hdGVcRGF0YWJhc2VcQ29ubmVjdG9yc1xDb25uZWN0
b3IucGhwOjQ2CkM6XFVzZXJzXGNvcm5lXE9uZURyaXZlXERvY3VtZW50ZW5cR2l0
SHViXFdFQlw0U2hvcFx2ZW5kb3JcbGFyYXZlbFxmcmFtZXdvcmtcc3JjXElsbHVt
aW5hdGVcRGF0YWJhc2VcQ29ubmVjdG9yc1xNeVNxbENvbm5lY3Rvci5waHA6MjQK
QzpcVXNlcnNcY29ybmVcT25lRHJpdmVcRG9jdW1lbnRlblxHaXRIdWJcV0VCXDRT
aG9wXHZlbmRvclxsYXJhdmVsXGZyYW1ld29ya1xzcmNcSWxsdW1pbmF0ZVxEYXRh
YmFzZVxDb25uZWN0b3JzXENvbm5lY3Rpb25GYWN0b3J5LnBocDoxODQKQzpcVXNl
cnNcY29ybmVcT25lRHJpdmVcRG9jdW1lbnRlblxHaXRIdWJcV0VCXDRTaG9wXHZl
bmRvclxsYXJhdmVsXGZyYW1ld29ya1xzcmNcSWxsdW1pbmF0ZVxEYXRhYmFzZVxD
b25uZWN0aW9uLnBocDoxMTgxCkM6XFVzZXJzXGNvcm5lXE9uZURyaXZlXERvY3Vt
ZW50ZW5cR2l0SHViXFdFQlw0U2hvcFx2ZW5kb3JcbGFyYXZlbFxmcmFtZXdvcmtc
c3JjXElsbHVtaW5hdGVcRGF0YWJhc2VcQ29ubmVjdGlvbi5waHA6MTIxNwpDOlxV
c2Vyc1xjb3JuZVxPbmVEcml2ZVxEb2N1bWVudGVuXEdpdEh1YlxXRUJcNFNob3Bc
dmVuZG9yXGxhcmF2ZWxcZnJhbWV3b3JrXHNyY1xJbGx1bWluYXRlXERhdGFiYXNl
XENvbm5lY3Rpb24ucGhwOjQ4NgpDOlxVc2Vyc1xjb3JuZVxPbmVEcml2ZVxEb2N1
bWVudGVuXEdpdEh1YlxXRUJcNFNob3BcdmVuZG9yXGxhcmF2ZWxcZnJhbWV3b3Jr
XHNyY1xJbGx1bWluYXRlXERhdGFiYXNlXENvbm5lY3Rpb24ucGhwOjQxNApDOlxV
c2Vyc1xjb3JuZVxPbmVEcml2ZVxEb2N1bWVudGVuXEdpdEh1YlxXRUJcNFNob3Bc
dmVuZG9yXGxhcmF2ZWxcZnJhbWV3b3JrXHNyY1xJbGx1bWluYXRlXERhdGFiYXNl
XENvbm5lY3Rpb24ucGhwOjc1MwpDOlxVc2Vyc1xjb3JuZVxPbmVEcml2ZVxEb2N1
bWVudGVuXEdpdEh1YlxXRUJcNFNob3BcdmVuZG9yXGxhcmF2ZWxcZnJhbWV3b3Jr
XHNyY1xJbGx1bWluYXRlXERhdGFiYXNlXENvbm5lY3Rpb24ucGhwOjcyMApDOlxV
c2Vyc1xjb3JuZVxPbmVEcml2ZVxEb2N1bWVudGVuXEdpdEh1YlxXRUJcNFNob3Bc
dmVuZG9yXGxhcmF2ZWxcZnJhbWV3b3JrXHNyY1xJbGx1bWluYXRlXERhdGFiYXNl
XENvbm5lY3Rpb24ucGhwOjQyMgpDOlxVc2Vyc1xjb3JuZVxPbmVEcml2ZVxEb2N1
bWVudGVuXEdpdEh1YlxXRUJcNFNob3BcdmVuZG9yXGxhcmF2ZWxcZnJhbWV3b3Jr
XHNyY1xJbGx1bWluYXRlXERhdGFiYXNlXFF1ZXJ5XEJ1aWxkZXIucGhwOjI3MDYK
QzpcVXNlcnNcY29ybmVcT25lRHJpdmVcRG9jdW1lbnRlblxHaXRIdWJcV0VCXDRT
aG9wXHZlbmRvclxsYXJhdmVsXGZyYW1ld29ya1xzcmNcSWxsdW1pbmF0ZVxEYXRh
YmFzZVxRdWVyeVxCdWlsZGVyLnBocDoyNjk0CkM6XFVzZXJzXGNvcm5lXE9uZURy
aXZlXERvY3VtZW50ZW5cR2l0SHViXFdFQlw0U2hvcFx2ZW5kb3JcbGFyYXZlbFxm
cmFtZXdvcmtcc3JjXElsbHVtaW5hdGVcRGF0YWJhc2VcUXVlcnlcQnVpbGRlci5w
aHA6MzIzMApDOlxVc2Vyc1xjb3JuZVxPbmVEcml2ZVxEb2N1bWVudGVuXEdpdEh1
YlxXRUJcNFNob3BcdmVuZG9yXGxhcmF2ZWxcZnJhbWV3b3JrXHNyY1xJbGx1bWlu
YXRlXERhdGFiYXNlXFF1ZXJ5XEJ1aWxkZXIucGhwOjI2OTUKQzpcVXNlcnNcY29y
bmVcT25lRHJpdmVcRG9jdW1lbnRlblxHaXRIdWJcV0VCXDRTaG9wXHZlbmRvclxs
YXJhdmVsXGZyYW1ld29ya1xzcmNcSWxsdW1pbmF0ZVxEYXRhYmFzZVxFbG9xdWVu
dFxCdWlsZGVyLnBocDo3MTAKQzpcVXNlcnNcY29ybmVcT25lRHJpdmVcRG9jdW1l
bnRlblxHaXRIdWJcV0VCXDRTaG9wXHZlbmRvclxsYXJhdmVsXGZyYW1ld29ya1xz
cmNcSWxsdW1pbmF0ZVxEYXRhYmFzZVxFbG9xdWVudFxCdWlsZGVyLnBocDo2OTQK
QzpcVXNlcnNcY29ybmVcT25lRHJpdmVcRG9jdW1lbnRlblxHaXRIdWJcV0VCXDRT
aG9wXHZlbmRvclxsYXJhdmVsXGZyYW1ld29ya1xzcmNcSWxsdW1pbmF0ZVxEYXRh
YmFzZVxDb25jZXJuc1xCdWlsZHNRdWVyaWVzLnBocDoyOTYKQzpcVXNlcnNcY29y
bmVcT25lRHJpdmVcRG9jdW1lbnRlblxHaXRIdWJcV0VCXDRTaG9wXHZlbmRvclxs
YXJhdmVsXGZyYW1ld29ya1xzcmNcSWxsdW1pbmF0ZVxTdXBwb3J0XFRyYWl0c1xG
b3J3YXJkc0NhbGxzLnBocDoyMwpDOlxVc2Vyc1xjb3JuZVxPbmVEcml2ZVxEb2N1
bWVudGVuXEdpdEh1YlxXRUJcNFNob3BcdmVuZG9yXGxhcmF2ZWxcZnJhbWV3b3Jr
XHNyY1xJbGx1bWluYXRlXERhdGFiYXNlXEVsb3F1ZW50XE1vZGVsLnBocDoyMzMw
CkM6XFVzZXJzXGNvcm5lXE9uZURyaXZlXERvY3VtZW50ZW5cR2l0SHViXFdFQlw0
U2hvcFx2ZW5kb3JcbGFyYXZlbFxmcmFtZXdvcmtcc3JjXElsbHVtaW5hdGVcRGF0
YWJhc2VcRWxvcXVlbnRcTW9kZWwucGhwOjIzNDIKQzpcVXNlcnNcY29ybmVcT25l
RHJpdmVcRG9jdW1lbnRlblxHaXRIdWJcV0VCXDRTaG9wXHRlc3RzXEZlYXR1cmVc
VXNlclN0b3JpZXNUZXN0LnBocDo3NgoKOCkgVGVzdHNcRmVhdHVyZVxVc2VyU3Rv
cmllc1Rlc3Q6OnRlc3RfUkVRMTFhX0NhdGVnb3J5UGFnZUhhc1Byb2R1Y3RzCkls
bHVtaW5hdGVcRGF0YWJhc2VcUXVlcnlFeGNlcHRpb246IFNRTFNUQVRFW0hZMDAw
XSBbMjAwMl0gTm8gY29ubmVjdGlvbiBjb3VsZCBiZSBtYWRlIGJlY2F1c2UgdGhl
IHRhcmdldCBtYWNoaW5lIGFjdGl2ZWx5IHJlZnVzZWQgaXQgKFNRTDogc2VsZWN0
ICogZnJvbSBgY2F0ZWdvcmllc2AgbGltaXQgMSkKCkM6XFVzZXJzXGNvcm5lXE9u
ZURyaXZlXERvY3VtZW50ZW5cR2l0SHViXFdFQlw0U2hvcFx2ZW5kb3JcbGFyYXZl
bFxmcmFtZXdvcmtcc3JjXElsbHVtaW5hdGVcRGF0YWJhc2VcQ29ubmVjdGlvbi5w
aHA6NzYwCkM6XFVzZXJzXGNvcm5lXE9uZURyaXZlXERvY3VtZW50ZW5cR2l0SHVi
XFdFQlw0U2hvcFx2ZW5kb3JcbGFyYXZlbFxmcmFtZXdvcmtcc3JjXElsbHVtaW5h
dGVcRGF0YWJhc2VcQ29ubmVjdGlvbi5waHA6NzIwCkM6XFVzZXJzXGNvcm5lXE9u
ZURyaXZlXERvY3VtZW50ZW5cR2l0SHViXFdFQlw0U2hvcFx2ZW5kb3JcbGFyYXZl
bFxmcmFtZXdvcmtcc3JjXElsbHVtaW5hdGVcRGF0YWJhc2VcQ29ubmVjdGlvbi5w
aHA6NDIyCkM6XFVzZXJzXGNvcm5lXE9uZURyaXZlXERvY3VtZW50ZW5cR2l0SHVi
XFdFQlw0U2hvcFx2ZW5kb3JcbGFyYXZlbFxmcmFtZXdvcmtcc3JjXElsbHVtaW5h
dGVcRGF0YWJhc2VcUXVlcnlcQnVpbGRlci5waHA6MjcwNgpDOlxVc2Vyc1xjb3Ju
ZVxPbmVEcml2ZVxEb2N1bWVudGVuXEdpdEh1YlxXRUJcNFNob3BcdmVuZG9yXGxh
cmF2ZWxcZnJhbWV3b3JrXHNyY1xJbGx1bWluYXRlXERhdGFiYXNlXFF1ZXJ5XEJ1
aWxkZXIucGhwOjI2OTQKQzpcVXNlcnNcY29ybmVcT25lRHJpdmVcRG9jdW1lbnRl
blxHaXRIdWJcV0VCXDRTaG9wXHZlbmRvclxsYXJhdmVsXGZyYW1ld29ya1xzcmNc
SWxsdW1pbmF0ZVxEYXRhYmFzZVxRdWVyeVxCdWlsZGVyLnBocDozMjMwCkM6XFVz
ZXJzXGNvcm5lXE9uZURyaXZlXERvY3VtZW50ZW5cR2l0SHViXFdFQlw0U2hvcFx2
ZW5kb3JcbGFyYXZlbFxmcmFtZXdvcmtcc3JjXElsbHVtaW5hdGVcRGF0YWJhc2Vc
UXVlcnlcQnVpbGRlci5waHA6MjY5NQpDOlxVc2Vyc1xjb3JuZVxPbmVEcml2ZVxE
b2N1bWVudGVuXEdpdEh1YlxXRUJcNFNob3BcdmVuZG9yXGxhcmF2ZWxcZnJhbWV3
b3JrXHNyY1xJbGx1bWluYXRlXERhdGFiYXNlXEVsb3F1ZW50XEJ1aWxkZXIucGhw
OjcxMApDOlxVc2Vyc1xjb3JuZVxPbmVEcml2ZVxEb2N1bWVudGVuXEdpdEh1YlxX
RUJcNFNob3BcdmVuZG9yXGxhcmF2ZWxcZnJhbWV3b3JrXHNyY1xJbGx1bWluYXRl
XERhdGFiYXNlXEVsb3F1ZW50XEJ1aWxkZXIucGhwOjY5NApDOlxVc2Vyc1xjb3Ju
ZVxPbmVEcml2ZVxEb2N1bWVudGVuXEdpdEh1YlxXRUJcNFNob3BcdmVuZG9yXGxh
cmF2ZWxcZnJhbWV3b3JrXHNyY1xJbGx1bWluYXRlXERhdGFiYXNlXENvbmNlcm5z
XEJ1aWxkc1F1ZXJpZXMucGhwOjI5NgpDOlxVc2Vyc1xjb3JuZVxPbmVEcml2ZVxE
b2N1bWVudGVuXEdpdEh1YlxXRUJcNFNob3BcdmVuZG9yXGxhcmF2ZWxcZnJhbWV3
b3JrXHNyY1xJbGx1bWluYXRlXFN1cHBvcnRcVHJhaXRzXEZvcndhcmRzQ2FsbHMu
cGhwOjIzCkM6XFVzZXJzXGNvcm5lXE9uZURyaXZlXERvY3VtZW50ZW5cR2l0SHVi
XFdFQlw0U2hvcFx2ZW5kb3JcbGFyYXZlbFxmcmFtZXdvcmtcc3JjXElsbHVtaW5h
dGVcRGF0YWJhc2VcRWxvcXVlbnRcTW9kZWwucGhwOjIzMzAKQzpcVXNlcnNcY29y
bmVcT25lRHJpdmVcRG9jdW1lbnRlblxHaXRIdWJcV0VCXDRTaG9wXHZlbmRvclxs
YXJhdmVsXGZyYW1ld29ya1xzcmNcSWxsdW1pbmF0ZVxEYXRhYmFzZVxFbG9xdWVu
dFxNb2RlbC5waHA6MjM0MgpDOlxVc2Vyc1xjb3JuZVxPbmVEcml2ZVxEb2N1bWVu
dGVuXEdpdEh1YlxXRUJcNFNob3BcdGVzdHNcRmVhdHVyZVxVc2VyU3Rvcmllc1Rl
c3QucGhwOjg3CgpDYXVzZWQgYnkKUERPRXhjZXB0aW9uOiBTUUxTVEFURVtIWTAw
MF0gWzIwMDJdIE5vIGNvbm5lY3Rpb24gY291bGQgYmUgbWFkZSBiZWNhdXNlIHRo
ZSB0YXJnZXQgbWFjaGluZSBhY3RpdmVseSByZWZ1c2VkIGl0CgpDOlxVc2Vyc1xj
b3JuZVxPbmVEcml2ZVxEb2N1bWVudGVuXEdpdEh1YlxXRUJcNFNob3BcdmVuZG9y
XGxhcmF2ZWxcZnJhbWV3b3JrXHNyY1xJbGx1bWluYXRlXERhdGFiYXNlXENvbm5l
Y3RvcnNcQ29ubmVjdG9yLnBocDo3MApDOlxVc2Vyc1xjb3JuZVxPbmVEcml2ZVxE
b2N1bWVudGVuXEdpdEh1YlxXRUJcNFNob3BcdmVuZG9yXGxhcmF2ZWxcZnJhbWV3
b3JrXHNyY1xJbGx1bWluYXRlXERhdGFiYXNlXENvbm5lY3RvcnNcQ29ubmVjdG9y
LnBocDo0NgpDOlxVc2Vyc1xjb3JuZVxPbmVEcml2ZVxEb2N1bWVudGVuXEdpdEh1
YlxXRUJcNFNob3BcdmVuZG9yXGxhcmF2ZWxcZnJhbWV3b3JrXHNyY1xJbGx1bWlu
YXRlXERhdGFiYXNlXENvbm5lY3RvcnNcTXlTcWxDb25uZWN0b3IucGhwOjI0CkM6
XFVzZXJzXGNvcm5lXE9uZURyaXZlXERvY3VtZW50ZW5cR2l0SHViXFdFQlw0U2hv
cFx2ZW5kb3JcbGFyYXZlbFxmcmFtZXdvcmtcc3JjXElsbHVtaW5hdGVcRGF0YWJh
c2VcQ29ubmVjdG9yc1xDb25uZWN0aW9uRmFjdG9yeS5waHA6MTg0CkM6XFVzZXJz
XGNvcm5lXE9uZURyaXZlXERvY3VtZW50ZW5cR2l0SHViXFdFQlw0U2hvcFx2ZW5k
b3JcbGFyYXZlbFxmcmFtZXdvcmtcc3JjXElsbHVtaW5hdGVcRGF0YWJhc2VcQ29u
bmVjdGlvbi5waHA6MTE4MQpDOlxVc2Vyc1xjb3JuZVxPbmVEcml2ZVxEb2N1bWVu
dGVuXEdpdEh1YlxXRUJcNFNob3BcdmVuZG9yXGxhcmF2ZWxcZnJhbWV3b3JrXHNy
Y1xJbGx1bWluYXRlXERhdGFiYXNlXENvbm5lY3Rpb24ucGhwOjEyMTcKQzpcVXNl
cnNcY29ybmVcT25lRHJpdmVcRG9jdW1lbnRlblxHaXRIdWJcV0VCXDRTaG9wXHZl
bmRvclxsYXJhdmVsXGZyYW1ld29ya1xzcmNcSWxsdW1pbmF0ZVxEYXRhYmFzZVxD
b25uZWN0aW9uLnBocDo0ODYKQzpcVXNlcnNcY29ybmVcT25lRHJpdmVcRG9jdW1l
bnRlblxHaXRIdWJcV0VCXDRTaG9wXHZlbmRvclxsYXJhdmVsXGZyYW1ld29ya1xz
cmNcSWxsdW1pbmF0ZVxEYXRhYmFzZVxDb25uZWN0aW9uLnBocDo0MTQKQzpcVXNl
cnNcY29ybmVcT25lRHJpdmVcRG9jdW1lbnRlblxHaXRIdWJcV0VCXDRTaG9wXHZl
bmRvclxsYXJhdmVsXGZyYW1ld29ya1xzcmNcSWxsdW1pbmF0ZVxEYXRhYmFzZVxD
b25uZWN0aW9uLnBocDo3NTMKQzpcVXNlcnNcY29ybmVcT25lRHJpdmVcRG9jdW1l
bnRlblxHaXRIdWJcV0VCXDRTaG9wXHZlbmRvclxsYXJhdmVsXGZyYW1ld29ya1xz
cmNcSWxsdW1pbmF0ZVxEYXRhYmFzZVxDb25uZWN0aW9uLnBocDo3MjAKQzpcVXNl
cnNcY29ybmVcT25lRHJpdmVcRG9jdW1lbnRlblxHaXRIdWJcV0VCXDRTaG9wXHZl
bmRvclxsYXJhdmVsXGZyYW1ld29ya1xzcmNcSWxsdW1pbmF0ZVxEYXRhYmFzZVxD
b25uZWN0aW9uLnBocDo0MjIKQzpcVXNlcnNcY29ybmVcT25lRHJpdmVcRG9jdW1l
bnRlblxHaXRIdWJcV0VCXDRTaG9wXHZlbmRvclxsYXJhdmVsXGZyYW1ld29ya1xz
cmNcSWxsdW1pbmF0ZVxEYXRhYmFzZVxRdWVyeVxCdWlsZGVyLnBocDoyNzA2CkM6
XFVzZXJzXGNvcm5lXE9uZURyaXZlXERvY3VtZW50ZW5cR2l0SHViXFdFQlw0U2hv
cFx2ZW5kb3JcbGFyYXZlbFxmcmFtZXdvcmtcc3JjXElsbHVtaW5hdGVcRGF0YWJh
c2VcUXVlcnlcQnVpbGRlci5waHA6MjY5NApDOlxVc2Vyc1xjb3JuZVxPbmVEcml2
ZVxEb2N1bWVudGVuXEdpdEh1YlxXRUJcNFNob3BcdmVuZG9yXGxhcmF2ZWxcZnJh
bWV3b3JrXHNyY1xJbGx1bWluYXRlXERhdGFiYXNlXFF1ZXJ5XEJ1aWxkZXIucGhw
OjMyMzAKQzpcVXNlcnNcY29ybmVcT25lRHJpdmVcRG9jdW1lbnRlblxHaXRIdWJc
V0VCXDRTaG9wXHZlbmRvclxsYXJhdmVsXGZyYW1ld29ya1xzcmNcSWxsdW1pbmF0
ZVxEYXRhYmFzZVxRdWVyeVxCdWlsZGVyLnBocDoyNjk1CkM6XFVzZXJzXGNvcm5l
XE9uZURyaXZlXERvY3VtZW50ZW5cR2l0SHViXFdFQlw0U2hvcFx2ZW5kb3JcbGFy
YXZlbFxmcmFtZXdvcmtcc3JjXElsbHVtaW5hdGVcRGF0YWJhc2VcRWxvcXVlbnRc
QnVpbGRlci5waHA6NzEwCkM6XFVzZXJzXGNvcm5lXE9uZURyaXZlXERvY3VtZW50
ZW5cR2l0SHViXFdFQlw0U2hvcFx2ZW5kb3JcbGFyYXZlbFxmcmFtZXdvcmtcc3Jj
XElsbHVtaW5hdGVcRGF0YWJhc2VcRWxvcXVlbnRcQnVpbGRlci5waHA6Njk0CkM6
XFVzZXJzXGNvcm5lXE9uZURyaXZlXERvY3VtZW50ZW5cR2l0SHViXFdFQlw0U2hv
cFx2ZW5kb3JcbGFyYXZlbFxmcmFtZXdvcmtcc3JjXElsbHVtaW5hdGVcRGF0YWJh
c2VcQ29uY2VybnNcQnVpbGRzUXVlcmllcy5waHA6Mjk2CkM6XFVzZXJzXGNvcm5l
XE9uZURyaXZlXERvY3VtZW50ZW5cR2l0SHViXFdFQlw0U2hvcFx2ZW5kb3JcbGFy
YXZlbFxmcmFtZXdvcmtcc3JjXElsbHVtaW5hdGVcU3VwcG9ydFxUcmFpdHNcRm9y
d2FyZHNDYWxscy5waHA6MjMKQzpcVXNlcnNcY29ybmVcT25lRHJpdmVcRG9jdW1l
bnRlblxHaXRIdWJcV0VCXDRTaG9wXHZlbmRvclxsYXJhdmVsXGZyYW1ld29ya1xz
cmNcSWxsdW1pbmF0ZVxEYXRhYmFzZVxFbG9xdWVudFxNb2RlbC5waHA6MjMzMApD
OlxVc2Vyc1xjb3JuZVxPbmVEcml2ZVxEb2N1bWVudGVuXEdpdEh1YlxXRUJcNFNo
b3BcdmVuZG9yXGxhcmF2ZWxcZnJhbWV3b3JrXHNyY1xJbGx1bWluYXRlXERhdGFi
YXNlXEVsb3F1ZW50XE1vZGVsLnBocDoyMzQyCkM6XFVzZXJzXGNvcm5lXE9uZURy
aXZlXERvY3VtZW50ZW5cR2l0SHViXFdFQlw0U2hvcFx0ZXN0c1xGZWF0dXJlXFVz
ZXJTdG9yaWVzVGVzdC5waHA6ODcKCkVSUk9SUyENClRlc3RzOiA4LCBBc3NlcnRp
b25zOiAwLCBFcnJvcnM6IDguDQo=
-----END CERTIFICATE-----
